<html>
<body>
<pre>
<h1>µVision Build Log</h1>
<h2>Tool Versions:</h2>
IDE-Version: ¦ÌVision V5.40.0.0
Copyright (C) 2024 ARM Ltd and ARM Germany GmbH. All rights reserved.
License Information: 1 2, 3, LIC=GMZI6-DZM7T-9U84U-SFZKK-FF88X-37IUG
 
Tool Versions:
Toolchain:       MDK-ARM Plus  Version: 5.40.0.3
Toolchain Path:  C:\MDK\ARM\ARMCC\Bin
C Compiler:      Armcc.exe V5.06 update 6 (build 750)
Assembler:       Armasm.exe V5.06 update 6 (build 750)
Linker/Locator:  ArmLink.exe V5.06 update 6 (build 750)
Library Manager: ArmAr.exe V5.06 update 6 (build 750)
Hex Converter:   FromElf.exe V5.06 update 6 (build 750)
CPU DLL:         SARMCM3.DLL V5.40.0.3
Dialog DLL:      DCM.DLL V1.17.5.0
Target DLL:      CMSIS_AGDI.dll V1.33.18.0
Dialog DLL:      TCM.DLL V1.56.4.0
 
<h2>Project:</h2>
D:\test\stm32_test\ws2812\MDK-ARM\TE.uvprojx
Project File Date:  08/01/2024

<h2>Output:</h2>
*** Using Compiler 'V5.06 update 6 (build 750)', folder: 'C:\MDK\ARM\ARMCC\Bin'
Build target 'TE'
compiling rtc.c...
../Core/Src/rtc.c(37): warning:  #177-D: variable "sTime"  was declared but never referenced
    RTC_TimeTypeDef sTime = {0};
../Core/Src/rtc.c(38): warning:  #177-D: variable "DateToUpdate"  was declared but never referenced
    RTC_DateTypeDef DateToUpdate = {0};
../Core/Src/rtc.c: 2 warnings, 0 errors
compiling ModeSet_task.c...
..\APP\ModeSet_task.c(18): warning:  #223-D: function "memset" declared implicitly
          memset(&mode_main,0,sizeof(mode_main));
..\APP\ModeSet_task.c: 1 warning, 0 errors
linking...
Program Size: Code=19106 RO-data=4730 RW-data=68 ZI-data=8900  
FromELF: creating hex file...
"TE\TE.axf" - 0 Error(s), 3 Warning(s).

<h2>Software Packages used:</h2>

Package Vendor: ARM
                https://www.keil.com/pack/ARM.CMSIS.6.1.0.pack
                ARM::CMSIS@6.1.0
                CMSIS (Common Microcontroller Software Interface Standard)
   * Component: CORE Version: 6.1.0

Package Vendor: Keil
                https://www.keil.com/pack/Keil.STM32F1xx_DFP.2.4.1.pack
                Keil::STM32F1xx_DFP@2.4.1
                STMicroelectronics STM32F1 Series Device Support, Drivers and Examples

<h2>Collection of Component include folders:</h2>
  ./RTE/_TE
  C:/MDK_IN/ARM/CMSIS/6.1.0/CMSIS/Core/Include
  C:/MDK_IN/Keil/STM32F1xx_DFP/2.4.1/Device/Include

<h2>Collection of Component Files used:</h2>

   * Component: ARM::CMSIS:CORE@6.1.0
      Include file:  CMSIS/Core/Include/tz_context.h
Build Time Elapsed:  00:00:01
</pre>
</body>
</html>
