Component: ARM Compiler 5.06 update 6 (build 750) Tool: armlink [4d35ed]

==============================================================================

Section Cross References

    startup_stm32f103xb.o(STACK) refers (Special) to heapauxi.o(.text) for __use_two_region_memory
    startup_stm32f103xb.o(HEAP) refers (Special) to heapauxi.o(.text) for __use_two_region_memory
    startup_stm32f103xb.o(RESET) refers (Special) to heapauxi.o(.text) for __use_two_region_memory
    startup_stm32f103xb.o(RESET) refers to startup_stm32f103xb.o(STACK) for __initial_sp
    startup_stm32f103xb.o(RESET) refers to startup_stm32f103xb.o(.text) for Reset_Handler
    startup_stm32f103xb.o(RESET) refers to stm32f1xx_it.o(i.NMI_Handler) for NMI_Handler
    startup_stm32f103xb.o(RESET) refers to stm32f1xx_it.o(i.HardFault_Handler) for HardFault_Handler
    startup_stm32f103xb.o(RESET) refers to stm32f1xx_it.o(i.MemManage_Handler) for MemManage_Handler
    startup_stm32f103xb.o(RESET) refers to stm32f1xx_it.o(i.BusFault_Handler) for BusFault_Handler
    startup_stm32f103xb.o(RESET) refers to stm32f1xx_it.o(i.UsageFault_Handler) for UsageFault_Handler
    startup_stm32f103xb.o(RESET) refers to stm32f1xx_it.o(i.SVC_Handler) for SVC_Handler
    startup_stm32f103xb.o(RESET) refers to stm32f1xx_it.o(i.DebugMon_Handler) for DebugMon_Handler
    startup_stm32f103xb.o(RESET) refers to stm32f1xx_it.o(i.PendSV_Handler) for PendSV_Handler
    startup_stm32f103xb.o(RESET) refers to stm32f1xx_it.o(i.SysTick_Handler) for SysTick_Handler
    startup_stm32f103xb.o(RESET) refers to stm32f1xx_it.o(i.DMA1_Channel3_IRQHandler) for DMA1_Channel3_IRQHandler
    startup_stm32f103xb.o(RESET) refers to stm32f1xx_it.o(i.TIM3_IRQHandler) for TIM3_IRQHandler
    startup_stm32f103xb.o(.text) refers (Special) to heapauxi.o(.text) for __use_two_region_memory
    startup_stm32f103xb.o(.text) refers to system_stm32f1xx.o(i.SystemInit) for SystemInit
    startup_stm32f103xb.o(.text) refers to __main.o(!!!main) for __main
    startup_stm32f103xb.o(.text) refers to startup_stm32f103xb.o(HEAP) for Heap_Mem
    startup_stm32f103xb.o(.text) refers to startup_stm32f103xb.o(STACK) for Stack_Mem
    main.o(i.SystemClock_Config) refers to rt_memclr_w.o(.text) for __aeabi_memclr4
    main.o(i.SystemClock_Config) refers to stm32f1xx_hal_rcc.o(i.HAL_RCC_OscConfig) for HAL_RCC_OscConfig
    main.o(i.SystemClock_Config) refers to stm32f1xx_hal_rcc.o(i.HAL_RCC_ClockConfig) for HAL_RCC_ClockConfig
    main.o(i.SystemClock_Config) refers to stm32f1xx_hal_rcc_ex.o(i.HAL_RCCEx_PeriphCLKConfig) for HAL_RCCEx_PeriphCLKConfig
    main.o(i.main) refers to stm32f1xx_hal.o(i.HAL_Init) for HAL_Init
    main.o(i.main) refers to main.o(i.SystemClock_Config) for SystemClock_Config
    main.o(i.main) refers to gpio.o(i.MX_GPIO_Init) for MX_GPIO_Init
    main.o(i.main) refers to dma.o(i.MX_DMA_Init) for MX_DMA_Init
    main.o(i.main) refers to rtc.o(i.MX_RTC_Init) for MX_RTC_Init
    main.o(i.main) refers to spi.o(i.MX_SPI1_Init) for MX_SPI1_Init
    main.o(i.main) refers to tim.o(i.MX_TIM3_Init) for MX_TIM3_Init
    main.o(i.main) refers to tim.o(i.MX_TIM2_Init) for MX_TIM2_Init
    main.o(i.main) refers to stm32f1xx_hal_tim.o(i.HAL_TIM_Base_Start_IT) for HAL_TIM_Base_Start_IT
    main.o(i.main) refers to task_create.o(i.Task_Star) for Task_Star
    main.o(i.main) refers to stm32f1xx_hal.o(i.HAL_Delay) for HAL_Delay
    main.o(i.main) refers to tim.o(.bss) for htim3
    gpio.o(i.MX_GPIO_Init) refers to stm32f1xx_hal_gpio.o(i.HAL_GPIO_WritePin) for HAL_GPIO_WritePin
    gpio.o(i.MX_GPIO_Init) refers to stm32f1xx_hal_gpio.o(i.HAL_GPIO_Init) for HAL_GPIO_Init
    dma.o(i.MX_DMA_Init) refers to stm32f1xx_hal_cortex.o(i.HAL_NVIC_SetPriority) for HAL_NVIC_SetPriority
    dma.o(i.MX_DMA_Init) refers to stm32f1xx_hal_cortex.o(i.HAL_NVIC_EnableIRQ) for HAL_NVIC_EnableIRQ
    rtc.o(i.HAL_RTC_MspInit) refers to stm32f1xx_hal_pwr.o(i.HAL_PWR_EnableBkUpAccess) for HAL_PWR_EnableBkUpAccess
    rtc.o(i.MX_RTC_Init) refers to stm32f1xx_hal_rtc.o(i.HAL_RTC_Init) for HAL_RTC_Init
    rtc.o(i.MX_RTC_Init) refers to main.o(i.Error_Handler) for Error_Handler
    rtc.o(i.MX_RTC_Init) refers to rtc.o(.bss) for .bss
    spi.o(i.HAL_SPI_MspDeInit) refers to stm32f1xx_hal_gpio.o(i.HAL_GPIO_DeInit) for HAL_GPIO_DeInit
    spi.o(i.HAL_SPI_MspDeInit) refers to stm32f1xx_hal_dma.o(i.HAL_DMA_DeInit) for HAL_DMA_DeInit
    spi.o(i.HAL_SPI_MspInit) refers to stm32f1xx_hal_gpio.o(i.HAL_GPIO_Init) for HAL_GPIO_Init
    spi.o(i.HAL_SPI_MspInit) refers to stm32f1xx_hal_dma.o(i.HAL_DMA_Init) for HAL_DMA_Init
    spi.o(i.HAL_SPI_MspInit) refers to main.o(i.Error_Handler) for Error_Handler
    spi.o(i.HAL_SPI_MspInit) refers to spi.o(.bss) for .bss
    spi.o(i.MX_SPI1_Init) refers to stm32f1xx_hal_spi.o(i.HAL_SPI_Init) for HAL_SPI_Init
    spi.o(i.MX_SPI1_Init) refers to main.o(i.Error_Handler) for Error_Handler
    spi.o(i.MX_SPI1_Init) refers to spi.o(.bss) for .bss
[...]
    .ARM.Collect$$libinit$$00000004          0x0800016c   Section        0  libinit2.o(.ARM.Collect$$libinit$$00000004)
    .ARM.Collect$$libinit$$0000000A          0x0800016c   Section        0  libinit2.o(.ARM.Collect$$libinit$$0000000A)
    .ARM.Collect$$libinit$$0000000C          0x0800016c   Section        0  libinit2.o(.ARM.Collect$$libinit$$0000000C)
    .ARM.Collect$$libinit$$0000000E          0x0800016c   Section        0  libinit2.o(.ARM.Collect$$libinit$$0000000E)
    .ARM.Collect$$libinit$$00000011          0x0800016c   Section        0  libinit2.o(.ARM.Collect$$libinit$$00000011)
    .ARM.Collect$$libinit$$00000013          0x0800016c   Section        0  libinit2.o(.ARM.Collect$$libinit$$00000013)
    .ARM.Collect$$libinit$$00000015          0x0800016c   Section        0  libinit2.o(.ARM.Collect$$libinit$$00000015)
    .ARM.Collect$$libinit$$00000017          0x0800016c   Section        0  libinit2.o(.ARM.Collect$$libinit$$00000017)
    .ARM.Collect$$libinit$$00000019          0x0800016c   Section        0  libinit2.o(.ARM.Collect$$libinit$$00000019)
    .ARM.Collect$$libinit$$0000001B          0x0800016c   Section        0  libinit2.o(.ARM.Collect$$libinit$$0000001B)
    .ARM.Collect$$libinit$$0000001D          0x0800016c   Section        0  libinit2.o(.ARM.Collect$$libinit$$0000001D)
    .ARM.Collect$$libinit$$0000001F          0x0800016c   Section        0  libinit2.o(.ARM.Collect$$libinit$$0000001F)
    .ARM.Collect$$libinit$$00000021          0x0800016c   Section        0  libinit2.o(.ARM.Collect$$libinit$$00000021)
    .ARM.Collect$$libinit$$00000023          0x0800016c   Section        0  libinit2.o(.ARM.Collect$$libinit$$00000023)
    .ARM.Collect$$libinit$$00000025          0x0800016c   Section        0  libinit2.o(.ARM.Collect$$libinit$$00000025)
    .ARM.Collect$$libinit$$0000002C          0x0800016c   Section        0  libinit2.o(.ARM.Collect$$libinit$$0000002C)
    .ARM.Collect$$libinit$$0000002E          0x0800016c   Section        0  libinit2.o(.ARM.Collect$$libinit$$0000002E)
    .ARM.Collect$$libinit$$00000030          0x0800016c   Section        0  libinit2.o(.ARM.Collect$$libinit$$00000030)
    .ARM.Collect$$libinit$$00000032          0x0800016c   Section        0  libinit2.o(.ARM.Collect$$libinit$$00000032)
    .ARM.Collect$$libinit$$00000033          0x0800016c   Section        2  libinit2.o(.ARM.Collect$$libinit$$00000033)
    .ARM.Collect$$libshutdown$$00000000      0x0800016e   Section        2  libshutdown.o(.ARM.Collect$$libshutdown$$00000000)
    .ARM.Collect$$libshutdown$$00000002      0x08000170   Section        0  libshutdown2.o(.ARM.Collect$$libshutdown$$00000002)
    .ARM.Collect$$libshutdown$$00000004      0x08000170   Section        0  libshutdown2.o(.ARM.Collect$$libshutdown$$00000004)
    .ARM.Collect$$libshutdown$$00000007      0x08000170   Section        0  libshutdown2.o(.ARM.Collect$$libshutdown$$00000007)
    .ARM.Collect$$libshutdown$$0000000A      0x08000170   Section        0  libshutdown2.o(.ARM.Collect$$libshutdown$$0000000A)
    .ARM.Collect$$libshutdown$$0000000C      0x08000170   Section        0  libshutdown2.o(.ARM.Collect$$libshutdown$$0000000C)
    .ARM.Collect$$libshutdown$$0000000F      0x08000170   Section        0  libshutdown2.o(.ARM.Collect$$libshutdown$$0000000F)
    .ARM.Collect$$libshutdown$$00000010      0x08000170   Section        2  libshutdown2.o(.ARM.Collect$$libshutdown$$00000010)
    .ARM.Collect$$rtentry$$00000000          0x08000172   Section        0  __rtentry.o(.ARM.Collect$$rtentry$$00000000)
    .ARM.Collect$$rtentry$$00000002          0x08000172   Section        0  __rtentry2.o(.ARM.Collect$$rtentry$$00000002)
    .ARM.Collect$$rtentry$$00000004          0x08000172   Section        6  __rtentry4.o(.ARM.Collect$$rtentry$$00000004)
    .ARM.Collect$$rtentry$$00000009          0x08000178   Section        0  __rtentry2.o(.ARM.Collect$$rtentry$$00000009)
    .ARM.Collect$$rtentry$$0000000A          0x08000178   Section        4  __rtentry2.o(.ARM.Collect$$rtentry$$0000000A)
    .ARM.Collect$$rtentry$$0000000C          0x0800017c   Section        0  __rtentry2.o(.ARM.Collect$$rtentry$$0000000C)
    .ARM.Collect$$rtentry$$0000000D          0x0800017c   Section        8  __rtentry2.o(.ARM.Collect$$rtentry$$0000000D)
    .ARM.Collect$$rtexit$$00000000           0x08000184   Section        2  rtexit.o(.ARM.Collect$$rtexit$$00000000)
    .ARM.Collect$$rtexit$$00000002           0x08000186   Section        0  rtexit2.o(.ARM.Collect$$rtexit$$00000002)
    .ARM.Collect$$rtexit$$00000003           0x08000186   Section        4  rtexit2.o(.ARM.Collect$$rtexit$$00000003)
    .ARM.Collect$$rtexit$$00000004           0x0800018a   Section        6  rtexit2.o(.ARM.Collect$$rtexit$$00000004)
    .text                                    0x08000190   Section       64  startup_stm32f103xb.o(.text)
    .text                                    0x080001d0   Section        0  noretval__2sprintf.o(.text)
    .text                                    0x080001f8   Section        0  _printf_pad.o(.text)
    .text                                    0x08000248   Section        0  _printf_dec.o(.text)
    .text                                    0x080002c0   Section        0  __printf_wp.o(.text)
    .text                                    0x080003ce   Section       68  rt_memclr.o(.text)
    .text                                    0x08000412   Section       78  rt_memclr_w.o(.text)
    .text                                    0x08000460   Section        0  heapauxi.o(.text)
    .text                                    0x08000466   Section        0  _printf_intcommon.o(.text)
    .text                                    0x08000518   Section        0  _printf_char_common.o(.text)
    _printf_input_char                       0x08000519   Thumb Code    10  _printf_char_common.o(.text)
    .text                                    0x08000548   Section        0  _sputc.o(.text)
    .text                                    0x08000552   Section       74  sys_stackheap_outer.o(.text)
    .text                                    0x0800059c   Section        0  exit.o(.text)
    .text                                    0x080005b0   Section        8  libspace.o(.text)
    .text                                    0x080005b8   Section        0  sys_exit.o(.text)
    .text                                    0x080005c4   Section        2  use_no_semi.o(.text)
    .text                                    0x080005c6   Section        0  indicate_semi.o(.text)
    i.BusFault_Handler                       0x080005c6   Section        0  stm32f1xx_it.o(i.BusFault_Handler)
    i.Clock_GetTime_Color                    0x080005c8   Section        0  clock.o(i.Clock_GetTime_Color)
    i.Clock_ShowClock                        0x080005ec   Section        0  clock.o(i.Clock_ShowClock)
    i.Clock_ShowDate                         0x08000714   Section        0  clock.o(i.Clock_ShowDate)
    i.DMA1_Channel3_IRQHandler               0x08000878   Section        0  stm32f1xx_it.o(i.DMA1_Channel3_IRQHandler)
    i.DMA_SetConfig                          0x08000884   Section        0  stm32f1xx_hal_dma.o(i.DMA_SetConfig)
    DMA_SetConfig                            0x08000885   Thumb Code    42  stm32f1xx_hal_dma.o(i.DMA_SetConfig)
    i.DebugMon_Handler                       0x080008ae   Section        0  stm32f1xx_it.o(i.DebugMon_Handler)
    i.Display_Show                           0x080008b0   Section        0  bsp_ws2812.o(i.Display_Show)
    i.Display_Update                         0x080008cc   Section        0  bsp_ws2812.o(i.Display_Update)
    i.Error_Handler                          0x080008e8   Section        0  main.o(i.Error_Handler)
    i.HAL_DMA_IRQHandler                     0x080008ec   Section        0  stm32f1xx_hal_dma.o(i.HAL_DMA_IRQHandler)
    i.HAL_DMA_Init                           0x08000a40   Section        0  stm32f1xx_hal_dma.o(i.HAL_DMA_Init)
    i.HAL_DMA_Start_IT                       0x08000a9c   Section        0  stm32f1xx_hal_dma.o(i.HAL_DMA_Start_IT)
    i.HAL_Delay                              0x08000b0c   Section        0  stm32f1xx_hal.o(i.HAL_Delay)
    i.HAL_GPIO_Init                          0x08000b30   Section        0  stm32f1xx_hal_gpio.o(i.HAL_GPIO_Init)
    i.HAL_GPIO_ReadPin                       0x08000d10   Section        0  stm32f1xx_hal_gpio.o(i.HAL_GPIO_ReadPin)
    i.HAL_GPIO_WritePin                      0x08000d1a   Section        0  stm32f1xx_hal_gpio.o(i.HAL_GPIO_WritePin)
    i.HAL_GetTick                            0x08000d24   Section        0  stm32f1xx_hal.o(i.HAL_GetTick)
    i.HAL_IncTick                            0x08000d30   Section        0  stm32f1xx_hal.o(i.HAL_IncTick)
    i.HAL_Init                               0x08000d40   Section        0  stm32f1xx_hal.o(i.HAL_Init)
    i.HAL_InitTick                           0x08000d64   Section        0  stm32f1xx_hal.o(i.HAL_InitTick)
    i.HAL_MspInit                            0x08000da4   Section        0  stm32f1xx_hal_msp.o(i.HAL_MspInit)
    i.HAL_NVIC_EnableIRQ                     0x08000de0   Section        0  stm32f1xx_hal_cortex.o(i.HAL_NVIC_EnableIRQ)
    i.HAL_NVIC_SetPriority                   0x08000dfc   Section        0  stm32f1xx_hal_cortex.o(i.HAL_NVIC_SetPriority)
    i.HAL_NVIC_SetPriorityGrouping           0x08000e3c   Section        0  stm32f1xx_hal_cortex.o(i.HAL_NVIC_SetPriorityGrouping)
    i.HAL_PWR_EnableBkUpAccess               0x08000e60   Section        0  stm32f1xx_hal_pwr.o(i.HAL_PWR_EnableBkUpAccess)
    i.HAL_RCCEx_GetPeriphCLKFreq             0x08000e6c   Section        0  stm32f1xx_hal_rcc_ex.o(i.HAL_RCCEx_GetPeriphCLKFreq)
    i.HAL_RCCEx_PeriphCLKConfig              0x08000f10   Section        0  stm32f1xx_hal_rcc_ex.o(i.HAL_RCCEx_PeriphCLKConfig)
    i.HAL_RCC_ClockConfig                    0x08000ffc   Section        0  stm32f1xx_hal_rcc.o(i.HAL_RCC_ClockConfig)
    i.HAL_RCC_GetPCLK2Freq                   0x08001128   Section        0  stm32f1xx_hal_rcc.o(i.HAL_RCC_GetPCLK2Freq)
    i.HAL_RCC_GetSysClockFreq                0x08001148   Section        0  stm32f1xx_hal_rcc.o(i.HAL_RCC_GetSysClockFreq)
    i.HAL_RCC_OscConfig                      0x08001194   Section        0  stm32f1xx_hal_rcc.o(i.HAL_RCC_OscConfig)
    i.HAL_RTC_GetDate                        0x080014b4   Section        0  stm32f1xx_hal_rtc.o(i.HAL_RTC_GetDate)
    i.HAL_RTC_GetTime                        0x08001502   Section        0  stm32f1xx_hal_rtc.o(i.HAL_RTC_GetTime)
    i.HAL_RTC_Init                           0x080015dc   Section        0  stm32f1xx_hal_rtc.o(i.HAL_RTC_Init)
    i.HAL_RTC_MspInit                        0x08001670   Section        0  rtc.o(i.HAL_RTC_MspInit)
    i.HAL_RTC_WaitForSynchro                 0x080016a4   Section        0  stm32f1xx_hal_rtc.o(i.HAL_RTC_WaitForSynchro)
    i.HAL_SPI_ErrorCallback                  0x080016de   Section        0  stm32f1xx_hal_spi.o(i.HAL_SPI_ErrorCallback)
    i.HAL_SPI_Init                           0x080016e0   Section        0  stm32f1xx_hal_spi.o(i.HAL_SPI_Init)
    i.HAL_SPI_MspInit                        0x08001794   Section        0  spi.o(i.HAL_SPI_MspInit)
    i.HAL_SPI_Transmit_DMA                   0x08001828   Section        0  stm32f1xx_hal_spi.o(i.HAL_SPI_Transmit_DMA)
    i.HAL_SPI_TxCpltCallback                 0x080018f4   Section        0  stm32f1xx_hal_spi.o(i.HAL_SPI_TxCpltCallback)
    i.HAL_SPI_TxHalfCpltCallback             0x080018f6   Section        0  stm32f1xx_hal_spi.o(i.HAL_SPI_TxHalfCpltCallback)
    i.HAL_SYSTICK_Config                     0x080018f8   Section        0  stm32f1xx_hal_cortex.o(i.HAL_SYSTICK_Config)
    i.HAL_TIMEx_BreakCallback                0x08001920   Section        0  stm32f1xx_hal_tim_ex.o(i.HAL_TIMEx_BreakCallback)
    i.HAL_TIMEx_CommutCallback               0x08001922   Section        0  stm32f1xx_hal_tim_ex.o(i.HAL_TIMEx_CommutCallback)
    i.HAL_TIMEx_MasterConfigSynchronization  0x08001924   Section        0  stm32f1xx_hal_tim_ex.o(i.HAL_TIMEx_MasterConfigSynchronization)
    i.HAL_TIM_Base_Init                      0x0800198c   Section        0  stm32f1xx_hal_tim.o(i.HAL_TIM_Base_Init)
    i.HAL_TIM_Base_MspInit                   0x080019e8   Section        0  tim.o(i.HAL_TIM_Base_MspInit)
    i.HAL_TIM_Base_Start                     0x08001a38   Section        0  stm32f1xx_hal_tim.o(i.HAL_TIM_Base_Start)
    i.HAL_TIM_Base_Start_IT                  0x08001a88   Section        0  stm32f1xx_hal_tim.o(i.HAL_TIM_Base_Start_IT)
    i.HAL_TIM_Base_Stop                      0x08001ae0   Section        0  stm32f1xx_hal_tim.o(i.HAL_TIM_Base_Stop)
    i.HAL_TIM_ConfigClockSource              0x08001b06   Section        0  stm32f1xx_hal_tim.o(i.HAL_TIM_ConfigClockSource)
    i.HAL_TIM_IC_CaptureCallback             0x08001be2   Section        0  stm32f1xx_hal_tim.o(i.HAL_TIM_IC_CaptureCallback)
    i.HAL_TIM_IRQHandler                     0x08001be4   Section        0  stm32f1xx_hal_tim.o(i.HAL_TIM_IRQHandler)
    i.HAL_TIM_OC_DelayElapsedCallback        0x08001d4a   Section        0  stm32f1xx_hal_tim.o(i.HAL_TIM_OC_DelayElapsedCallback)
    i.HAL_TIM_PWM_PulseFinishedCallback      0x08001d4c   Section        0  stm32f1xx_hal_tim.o(i.HAL_TIM_PWM_PulseFinishedCallback)
    i.HAL_TIM_PeriodElapsedCallback          0x08001d50   Section        0  task_create.o(i.HAL_TIM_PeriodElapsedCallback)
    i.HAL_TIM_TriggerCallback                0x08001d7c   Section        0  stm32f1xx_hal_tim.o(i.HAL_TIM_TriggerCallback)
    i.HardFault_Handler                      0x08001d7e   Section        0  stm32f1xx_it.o(i.HardFault_Handler)
    i.Light_ColorSet                         0x08001d80   Section        0  light.o(i.Light_ColorSet)
    Light_ColorSet                           0x08001d81   Thumb Code    74  light.o(i.Light_ColorSet)
    i.Light_Show                             0x08001dd0   Section        0  light.o(i.Light_Show)
    i.MX_DMA_Init                            0x08001e18   Section        0  dma.o(i.MX_DMA_Init)
    i.MX_GPIO_Init                           0x08001e44   Section        0  gpio.o(i.MX_GPIO_Init)
    i.MX_RTC_Init                            0x08001ed4   Section        0  rtc.o(i.MX_RTC_Init)
    i.MX_SPI1_Init                           0x08001f04   Section        0  spi.o(i.MX_SPI1_Init)
    i.MX_TIM2_Init                           0x08001f4c   Section        0  tim.o(i.MX_TIM2_Init)
    i.MX_TIM3_Init                           0x08001fb0   Section        0  tim.o(i.MX_TIM3_Init)
    i.MemManage_Handler                      0x08002018   Section        0  stm32f1xx_it.o(i.MemManage_Handler)
    i.ModeSet_task                           0x0800201c   Section        0  modeset_task.o(i.ModeSet_task)
    i.NMI_Handler                            0x08002118   Section        0  stm32f1xx_it.o(i.NMI_Handler)
    i.PendSV_Handler                         0x0800211a   Section        0  stm32f1xx_it.o(i.PendSV_Handler)
    i.RTC_ByteToBcd2                         0x0800211c   Section        0  stm32f1xx_hal_rtc.o(i.RTC_ByteToBcd2)
    RTC_ByteToBcd2                           0x0800211d   Thumb Code    22  stm32f1xx_hal_rtc.o(i.RTC_ByteToBcd2)
    i.RTC_DateUpdate                         0x08002132   Section        0  stm32f1xx_hal_rtc.o(i.RTC_DateUpdate)
    RTC_DateUpdate                           0x08002133   Thumb Code   174  stm32f1xx_hal_rtc.o(i.RTC_DateUpdate)
    i.RTC_EnterInitMode                      0x080021e0   Section        0  stm32f1xx_hal_rtc.o(i.RTC_EnterInitMode)
    RTC_EnterInitMode                        0x080021e1   Thumb Code    52  stm32f1xx_hal_rtc.o(i.RTC_EnterInitMode)
    i.RTC_ExitInitMode                       0x08002214   Section        0  stm32f1xx_hal_rtc.o(i.RTC_ExitInitMode)
    RTC_ExitInitMode                         0x08002215   Thumb Code    54  stm32f1xx_hal_rtc.o(i.RTC_ExitInitMode)
    i.RTC_ReadAlarmCounter                   0x0800224a   Section        0  stm32f1xx_hal_rtc.o(i.RTC_ReadAlarmCounter)
    RTC_ReadAlarmCounter                     0x0800224b   Thumb Code    14  stm32f1xx_hal_rtc.o(i.RTC_ReadAlarmCounter)
    i.RTC_ReadTimeCounter                    0x08002258   Section        0  stm32f1xx_hal_rtc.o(i.RTC_ReadTimeCounter)
    RTC_ReadTimeCounter                      0x08002259   Thumb Code    32  stm32f1xx_hal_rtc.o(i.RTC_ReadTimeCounter)
    i.RTC_WeekDayNum                         0x08002278   Section        0  stm32f1xx_hal_rtc.o(i.RTC_WeekDayNum)
    RTC_WeekDayNum                           0x08002279   Thumb Code    86  stm32f1xx_hal_rtc.o(i.RTC_WeekDayNum)
    i.RTC_WriteAlarmCounter                  0x080022ce   Section        0  stm32f1xx_hal_rtc.o(i.RTC_WriteAlarmCounter)
    RTC_WriteAlarmCounter                    0x080022cf   Thumb Code    40  stm32f1xx_hal_rtc.o(i.RTC_WriteAlarmCounter)
    i.RTC_WriteTimeCounter                   0x080022f6   Section        0  stm32f1xx_hal_rtc.o(i.RTC_WriteTimeCounter)
    RTC_WriteTimeCounter                     0x080022f7   Thumb Code    40  stm32f1xx_hal_rtc.o(i.RTC_WriteTimeCounter)
    i.SPI_DMAError                           0x0800231e   Section        0  stm32f1xx_hal_spi.o(i.SPI_DMAError)
    SPI_DMAError                             0x0800231f   Thumb Code    34  stm32f1xx_hal_spi.o(i.SPI_DMAError)
    i.SPI_DMAHalfTransmitCplt                0x08002340   Section        0  stm32f1xx_hal_spi.o(i.SPI_DMAHalfTransmitCplt)
    SPI_DMAHalfTransmitCplt                  0x08002341   Thumb Code    10  stm32f1xx_hal_spi.o(i.SPI_DMAHalfTransmitCplt)
    i.SPI_DMATransmitCplt                    0x0800234a   Section        0  stm32f1xx_hal_spi.o(i.SPI_DMATransmitCplt)
    SPI_DMATransmitCplt                      0x0800234b   Thumb Code   100  stm32f1xx_hal_spi.o(i.SPI_DMATransmitCplt)
    i.SPI_EndRxTxTransaction                 0x080023ae   Section        0  stm32f1xx_hal_spi.o(i.SPI_EndRxTxTransaction)
    SPI_EndRxTxTransaction                   0x080023af   Thumb Code    32  stm32f1xx_hal_spi.o(i.SPI_EndRxTxTransaction)
    i.SPI_WaitFlagStateUntilTimeout          0x080023d0   Section        0  stm32f1xx_hal_spi.o(i.SPI_WaitFlagStateUntilTimeout)
    SPI_WaitFlagStateUntilTimeout            0x080023d1   Thumb Code   180  stm32f1xx_hal_spi.o(i.SPI_WaitFlagStateUntilTimeout)
    i.SVC_Handler                            0x08002488   Section        0  stm32f1xx_it.o(i.SVC_Handler)
    i.SetCursor                              0x0800248c   Section        0  bsp_ws2812.o(i.SetCursor)
    i.SysTick_Handler                        0x08002498   Section        0  stm32f1xx_it.o(i.SysTick_Handler)
    i.SystemClock_Config                     0x0800249c   Section        0  main.o(i.SystemClock_Config)
    i.SystemInit                             0x0800251c   Section        0  system_stm32f1xx.o(i.SystemInit)
    i.TIM3_IRQHandler                        0x08002520   Section        0  stm32f1xx_it.o(i.TIM3_IRQHandler)
    i.TIM_Base_SetConfig                     0x0800252c   Section        0  stm32f1xx_hal_tim.o(i.TIM_Base_SetConfig)
    i.TIM_ETR_SetConfig                      0x08002598   Section        0  stm32f1xx_hal_tim.o(i.TIM_ETR_SetConfig)
    i.TIM_ITRx_SetConfig                     0x080025ac   Section        0  stm32f1xx_hal_tim.o(i.TIM_ITRx_SetConfig)
    TIM_ITRx_SetConfig                       0x080025ad   Thumb Code    16  stm32f1xx_hal_tim.o(i.TIM_ITRx_SetConfig)
    i.TIM_TI1_ConfigInputStage               0x080025bc   Section        0  stm32f1xx_hal_tim.o(i.TIM_TI1_ConfigInputStage)
    TIM_TI1_ConfigInputStage                 0x080025bd   Thumb Code    34  stm32f1xx_hal_tim.o(i.TIM_TI1_ConfigInputStage)
    i.TIM_TI2_ConfigInputStage               0x080025de   Section        0  stm32f1xx_hal_tim.o(i.TIM_TI2_ConfigInputStage)
    TIM_TI2_ConfigInputStage                 0x080025df   Thumb Code    36  stm32f1xx_hal_tim.o(i.TIM_TI2_ConfigInputStage)
    i.Task_Star                              0x08002604   Section        0  task_create.o(i.Task_Star)
    i.Temputer_show                          0x08002638   Section        0  temputer.o(i.Temputer_show)
    i.Temputer_show_shi                      0x080027ac   Section        0  temputer.o(i.Temputer_show_shi)
    i.UsageFault_Handler                     0x0800290c   Section        0  stm32f1xx_it.o(i.UsageFault_Handler)
    i.WS2812_Change_free                     0x0800290e   Section        0  bsp_ws2812.o(i.WS2812_Change_free)
    i.Write_OneChar                          0x080029ba   Section        0  bsp_base.o(i.Write_OneChar)
    i.Write_OneDigitalTube                   0x08003c54   Section        0  bsp_base.o(i.Write_OneDigitalTube)
    i.Write_OneDigitalTube_fu                0x080040ec   Section        0  bsp_base.o(i.Write_OneDigitalTube_fu)
    Write_OneDigitalTube_fu                  0x080040ed   Thumb Code   268  bsp_base.o(i.Write_OneDigitalTube_fu)
    i.Ws2812_Set                             0x080041f8   Section        0  bsp_ws2812.o(i.Ws2812_Set)
    i.__NVIC_SetPriority                     0x08004216   Section        0  stm32f1xx_hal_cortex.o(i.__NVIC_SetPriority)
    __NVIC_SetPriority                       0x08004217   Thumb Code    32  stm32f1xx_hal_cortex.o(i.__NVIC_SetPriority)
    i._is_digit                              0x08004236   Section        0  __printf_wp.o(i._is_digit)
    i.clear_all                              0x08004244   Section        0  bsp_pixeloperation.o(i.clear_all)
    i.dht11_DelayUs                          0x08004250   Section        0  dht11_driver.o(i.dht11_DelayUs)
    dht11_DelayUs                            0x08004251   Thumb Code    42  dht11_driver.o(i.dht11_DelayUs)
    i.dht11_GpioInit                         0x08004280   Section        0  dht11_driver.o(i.dht11_GpioInit)
    dht11_GpioInit                           0x08004281   Thumb Code    32  dht11_driver.o(i.dht11_GpioInit)
    i.dht11_GpioOut                          0x080042a4   Section        0  dht11_driver.o(i.dht11_GpioOut)
    dht11_GpioOut                            0x080042a5   Thumb Code    16  dht11_driver.o(i.dht11_GpioOut)
    i.dht11_ReadDate                         0x080042b8   Section        0  dht11_driver.o(i.dht11_ReadDate)
    i.dht11_ReadGpioState                    0x080043fc   Section        0  dht11_driver.o(i.dht11_ReadGpioState)
    dht11_ReadGpioState                      0x080043fd   Thumb Code    10  dht11_driver.o(i.dht11_ReadGpioState)
    i.display_show                           0x0800440c   Section        0  display_task.o(i.display_show)
    i.main                                   0x080044d0   Section        0  main.o(i.main)
    i.write_picture                          0x08004508   Section        0  bsp_pixeloperation.o(i.write_picture)
    i.write_picture_main                     0x08004560   Section        0  bsp_pixeloperation.o(i.write_picture_main)
    i.write_rectangle_full                   0x080045c0   Section        0  bsp_pixeloperation.o(i.write_rectangle_full)
    x$fpl$fadd                               0x08004624   Section      196  faddsub_clz.o(x$fpl$fadd)
    _fadd1                                   0x08004633   Thumb Code     0  faddsub_clz.o(x$fpl$fadd)
    x$fpl$fdiv                               0x080046e8   Section      388  fdiv.o(x$fpl$fdiv)
    _fdiv1                                   0x080046e9   Thumb Code     0  fdiv.o(x$fpl$fdiv)
    x$fpl$ffix                               0x0800486c   Section       54  ffix.o(x$fpl$ffix)
    x$fpl$ffixu                              0x080048a4   Section       62  ffixu.o(x$fpl$ffixu)
    x$fpl$ffltu                              0x080048e4   Section       38  fflt_clz.o(x$fpl$ffltu)
    x$fpl$fmul                               0x0800490c   Section      258  fmul.o(x$fpl$fmul)
    x$fpl$fnaninf                            0x08004a0e   Section      140  fnaninf.o(x$fpl$fnaninf)
    x$fpl$fretinf                            0x08004a9a   Section       10  fretinf.o(x$fpl$fretinf)
    x$fpl$fsub                               0x08004aa4   Section      234  faddsub_clz.o(x$fpl$fsub)
    _fsub1                                   0x08004ab3   Thumb Code     0  faddsub_clz.o(x$fpl$fsub)
    .constdata                               0x08004b8e   Section       18  stm32f1xx_hal_rcc.o(.constdata)
    x$fpl$usenofp                            0x08004b8e   Section        0  usenofp.o(x$fpl$usenofp)
    aPredivFactorTable                       0x08004b8e   Data           2  stm32f1xx_hal_rcc.o(.constdata)
    aPLLMULFactorTable                       0x08004b90   Data          16  stm32f1xx_hal_rcc.o(.constdata)
    .constdata                               0x08004ba0   Section       18  stm32f1xx_hal_rcc_ex.o(.constdata)
    aPredivFactorTable                       0x08004ba0   Data           2  stm32f1xx_hal_rcc_ex.o(.constdata)
    aPLLMULFactorTable                       0x08004ba2   Data          16  stm32f1xx_hal_rcc_ex.o(.constdata)
    .constdata                               0x08004bb2   Section       16  system_stm32f1xx.o(.constdata)
    .constdata                               0x08004bc2   Section        8  system_stm32f1xx.o(.constdata)
    .constdata                               0x08004bca   Section      192  clock.o(.constdata)
    .constdata                               0x08004c8a   Section      576  small_wight.o(.constdata)
    .constdata                               0x08004eca   Section      270  small_wight.o(.constdata)
    .constdata                               0x08004fd8   Section     3168  small_wight.o(.constdata)
    .constdata                               0x08005c38   Section      196  small_wight.o(.constdata)
    .data                                    0x20000000   Section       12  stm32f1xx_hal.o(.data)
    .data                                    0x2000000c   Section        4  system_stm32f1xx.o(.data)
    .data                                    0x20000010   Section        4  display_task.o(.data)
    numbnum                                  0x20000010   Data           1  display_task.o(.data)
    num                                      0x20000012   Data           2  display_task.o(.data)
    .data                                    0x20000014   Section       10  modeset_task.o(.data)
    num                                      0x20000014   Data           1  modeset_task.o(.data)
    .data                                    0x2000001e   Section        4  task_create.o(.data)
    .data                                    0x20000022   Section       16  clock.o(.data)
    n                                        0x20000022   Data           1  clock.o(.data)
    number                                   0x20000023   Data           1  clock.o(.data)
    n                                        0x20000024   Data           1  clock.o(.data)
    .data                                    0x20000032   Section        9  light.o(.data)
    num                                      0x20000032   Data           1  light.o(.data)
    .data                                    0x2000003c   Section        8  temputer.o(.data)
    error                                    0x2000003c   Data           1  temputer.o(.data)
    number                                   0x2000003d   Data           1  temputer.o(.data)
    number                                   0x2000003e   Data           1  temputer.o(.data)
    num                                      0x20000040   Data           2  temputer.o(.data)
    num                                      0x20000042   Data           2  temputer.o(.data)
    .bss                                     0x20000044   Section       20  rtc.o(.bss)
    .bss                                     0x20000058   Section      156  spi.o(.bss)
    .bss                                     0x200000f4   Section      144  tim.o(.bss)
    .bss                                     0x20000184   Section     6922  bsp_ws2812.o(.bss)
    .bss                                     0x20001c90   Section       24  temputer.o(.bss)
    .bss                                     0x20001ca8   Section       96  libspace.o(.bss)
    HEAP                                     0x20001d08   Section      512  startup_stm32f103xb.o(HEAP)
    Heap_Mem                                 0x20001d08   Data         512  startup_stm32f103xb.o(HEAP)
    STACK                                    0x20001f08   Section     1024  startup_stm32f103xb.o(STACK)
    Stack_Mem                                0x20001f08   Data        1024  startup_stm32f103xb.o(STACK)
    __initial_sp                             0x20002308   Data           0  startup_stm32f103xb.o(STACK)

    Global Symbols

    Symbol Name                              Value     Ov Type        Size  Object(Section)

    BuildAttributes$$THM_ISAv4$P$D$K$B$S$PE$A:L22UL41UL21$X:L11$S22US41US21$IEEE1$IW$USESV6$~STKCKD$USESV7$~SHL$OSPACE$ROPI$EBA8$UX$STANDARDLIB$REQ8$PRES8$EABIv2 0x00000000   Number         0  anon$$obj.o ABSOLUTE
    __ARM_use_no_argv                        0x00000000   Number         0  main.o ABSOLUTE
    _printf_flags                            0x00000000   Number         0  printf_stubs.o ABSOLUTE
    _printf_return_value                     0x00000000   Number         0  printf_stubs.o ABSOLUTE
    _printf_sizespec                         0x00000000   Number         0  printf_stubs.o ABSOLUTE
    _printf_widthprec                        0x00000000   Number         0  printf_stubs.o ABSOLUTE
    __ARM_exceptions_init                     - Undefined Weak Reference
    __alloca_initialize                       - Undefined Weak Reference
    __arm_preinit_                            - Undefined Weak Reference
    __cpp_initialize__aeabi_                  - Undefined Weak Reference
    __cxa_finalize                            - Undefined Weak Reference
    __rt_locale                               - Undefined Weak Reference
    __sigvec_lookup                           - Undefined Weak Reference
    _atexit_init                              - Undefined Weak Reference
    _call_atexit_fns                          - Undefined Weak Reference
    _clock_init                               - Undefined Weak Reference
    _fp_trap_init                             - Undefined Weak Reference
    _fp_trap_shutdown                         - Undefined Weak Reference
    _get_lc_collate                           - Undefined Weak Reference
    _get_lc_ctype                             - Undefined Weak Reference
    _get_lc_monetary                          - Undefined Weak Reference
    _get_lc_numeric                           - Undefined Weak Reference
    _get_lc_time                              - Undefined Weak Reference
    _getenv_init                              - Undefined Weak Reference
    _handle_redirection                       - Undefined Weak Reference
    _init_alloc                               - Undefined Weak Reference
    _init_user_alloc                          - Undefined Weak Reference
    _initio                                   - Undefined Weak Reference
    _printf_truncate_signed                   - Undefined Weak Reference
    _printf_truncate_unsigned                 - Undefined Weak Reference
    _rand_init                                - Undefined Weak Reference
    _signal_finish                            - Undefined Weak Reference
    _signal_init                              - Undefined Weak Reference
    _terminate_alloc                          - Undefined Weak Reference
    _terminate_user_alloc                     - Undefined Weak Reference
    _terminateio                              - Undefined Weak Reference
    __Vectors_Size                           0x000000ec   Number         0  startup_stm32f103xb.o ABSOLUTE
    __Vectors                                0x08000000   Data           4  startup_stm32f103xb.o(RESET)
    __Vectors_End                            0x080000ec   Data           0  startup_stm32f103xb.o(RESET)
    __main                                   0x080000ed   Thumb Code     8  __main.o(!!!main)
    __scatterload                            0x080000f5   Thumb Code     0  __scatter.o(!!!scatter)
    __scatterload_rt2                        0x080000f5   Thumb Code    44  __scatter.o(!!!scatter)
    __scatterload_rt2_thumb_only             0x080000f5   Thumb Code     0  __scatter.o(!!!scatter)
    __scatterload_null                       0x08000103   Thumb Code     0  __scatter.o(!!!scatter)
    __scatterload_copy                       0x08000129   Thumb Code    26  __scatter_copy.o(!!handler_copy)
    __scatterload_zeroinit                   0x08000145   Thumb Code    28  __scatter_zi.o(!!handler_zi)
    _printf_d                                0x08000161   Thumb Code     0  _printf_d.o(.ARM.Collect$$_printf_percent$$00000009)
    _printf_percent                          0x08000161   Thumb Code     0  _printf_percent.o(.ARM.Collect$$_printf_percent$$00000000)
    _printf_percent_end                      0x08000167   Thumb Code     0  _printf_percent_end.o(.ARM.Collect$$_printf_percent$$00000017)
    __rt_lib_init                            0x0800016b   Thumb Code     0  libinit.o(.ARM.Collect$$libinit$$00000000)
    __rt_lib_init_alloca_1                   0x0800016d   Thumb Code     0  libinit2.o(.ARM.Collect$$libinit$$0000002E)
    __rt_lib_init_argv_1                     0x0800016d   Thumb Code     0  libinit2.o(.ARM.Collect$$libinit$$0000002C)
    __rt_lib_init_atexit_1                   0x0800016d   Thumb Code     0  libinit2.o(.ARM.Collect$$libinit$$0000001B)
    __rt_lib_init_clock_1                    0x0800016d   Thumb Code     0  libinit2.o(.ARM.Collect$$libinit$$00000021)
    __rt_lib_init_cpp_1                      0x0800016d   Thumb Code     0  libinit2.o(.ARM.Collect$$libinit$$00000032)
    __rt_lib_init_exceptions_1               0x0800016d   Thumb Code     0  libinit2.o(.ARM.Collect$$libinit$$00000030)
    __rt_lib_init_fp_1                       0x0800016d   Thumb Code     0  libinit2.o(.ARM.Collect$$libinit$$00000002)
    __rt_lib_init_fp_trap_1                  0x0800016d   Thumb Code     0  libinit2.o(.ARM.Collect$$libinit$$0000001F)
    __rt_lib_init_getenv_1                   0x0800016d   Thumb Code     0  libinit2.o(.ARM.Collect$$libinit$$00000023)
    __rt_lib_init_heap_1                     0x0800016d   Thumb Code     0  libinit2.o(.ARM.Collect$$libinit$$0000000A)
    __rt_lib_init_lc_collate_1               0x0800016d   Thumb Code     0  libinit2.o(.ARM.Collect$$libinit$$00000011)
    __rt_lib_init_lc_ctype_1                 0x0800016d   Thumb Code     0  libinit2.o(.ARM.Collect$$libinit$$00000013)
    __rt_lib_init_lc_monetary_1              0x0800016d   Thumb Code     0  libinit2.o(.ARM.Collect$$libinit$$00000015)
    __rt_lib_init_lc_numeric_1               0x0800016d   Thumb Code     0  libinit2.o(.ARM.Collect$$libinit$$00000017)
    __rt_lib_init_lc_time_1                  0x0800016d   Thumb Code     0  libinit2.o(.ARM.Collect$$libinit$$00000019)
    __rt_lib_init_preinit_1                  0x0800016d   Thumb Code     0  libinit2.o(.ARM.Collect$$libinit$$00000004)
    __rt_lib_init_rand_1                     0x0800016d   Thumb Code     0  libinit2.o(.ARM.Collect$$libinit$$0000000E)
    __rt_lib_init_return                     0x0800016d   Thumb Code     0  libinit2.o(.ARM.Collect$$libinit$$00000033)
    __rt_lib_init_signal_1                   0x0800016d   Thumb Code     0  libinit2.o(.ARM.Collect$$libinit$$0000001D)
    __rt_lib_init_stdio_1                    0x0800016d   Thumb Code     0  libinit2.o(.ARM.Collect$$libinit$$00000025)
    __rt_lib_init_user_alloc_1               0x0800016d   Thumb Code     0  libinit2.o(.ARM.Collect$$libinit$$0000000C)
    __rt_lib_shutdown                        0x0800016f   Thumb Code     0  libshutdown.o(.ARM.Collect$$libshutdown$$00000000)
    __rt_lib_shutdown_cpp_1                  0x08000171   Thumb Code     0  libshutdown2.o(.ARM.Collect$$libshutdown$$00000002)
    __rt_lib_shutdown_fp_trap_1              0x08000171   Thumb Code     0  libshutdown2.o(.ARM.Collect$$libshutdown$$00000007)
    __rt_lib_shutdown_heap_1                 0x08000171   Thumb Code     0  libshutdown2.o(.ARM.Collect$$libshutdown$$0000000F)
    __rt_lib_shutdown_return                 0x08000171   Thumb Code     0  libshutdown2.o(.ARM.Collect$$libshutdown$$00000010)
    __rt_lib_shutdown_signal_1               0x08000171   Thumb Code     0  libshutdown2.o(.ARM.Collect$$libshutdown$$0000000A)
    __rt_lib_shutdown_stdio_1                0x08000171   Thumb Code     0  libshutdown2.o(.ARM.Collect$$libshutdown$$00000004)
    __rt_lib_shutdown_user_alloc_1           0x08000171   Thumb Code     0  libshutdown2.o(.ARM.Collect$$libshutdown$$0000000C)
    __rt_entry                               0x08000173   Thumb Code     0  __rtentry.o(.ARM.Collect$$rtentry$$00000000)
    __rt_entry_presh_1                       0x08000173   Thumb Code     0  __rtentry2.o(.ARM.Collect$$rtentry$$00000002)
    __rt_entry_sh                            0x08000173   Thumb Code     0  __rtentry4.o(.ARM.Collect$$rtentry$$00000004)
    __rt_entry_li                            0x08000179   Thumb Code     0  __rtentry2.o(.ARM.Collect$$rtentry$$0000000A)
    __rt_entry_postsh_1                      0x08000179   Thumb Code     0  __rtentry2.o(.ARM.Collect$$rtentry$$00000009)
    __rt_entry_main                          0x0800017d   Thumb Code     0  __rtentry2.o(.ARM.Collect$$rtentry$$0000000D)
    __rt_entry_postli_1                      0x0800017d   Thumb Code     0  __rtentry2.o(.ARM.Collect$$rtentry$$0000000C)
    __rt_exit                                0x08000185   Thumb Code     0  rtexit.o(.ARM.Collect$$rtexit$$00000000)
    __rt_exit_ls                             0x08000187   Thumb Code     0  rtexit2.o(.ARM.Collect$$rtexit$$00000003)
    __rt_exit_prels_1                        0x08000187   Thumb Code     0  rtexit2.o(.ARM.Collect$$rtexit$$00000002)
    __rt_exit_exit                           0x0800018b   Thumb Code     0  rtexit2.o(.ARM.Collect$$rtexit$$00000004)
    Reset_Handler                            0x08000191   Thumb Code     8  startup_stm32f103xb.o(.text)
    ADC1_2_IRQHandler                        0x080001ab   Thumb Code     0  startup_stm32f103xb.o(.text)
    CAN1_RX1_IRQHandler                      0x080001ab   Thumb Code     0  startup_stm32f103xb.o(.text)
    CAN1_SCE_IRQHandler                      0x080001ab   Thumb Code     0  startup_stm32f103xb.o(.text)
    DMA1_Channel1_IRQHandler                 0x080001ab   Thumb Code     0  startup_stm32f103xb.o(.text)
    DMA1_Channel2_IRQHandler                 0x080001ab   Thumb Code     0  startup_stm32f103xb.o(.text)
    DMA1_Channel4_IRQHandler                 0x080001ab   Thumb Code     0  startup_stm32f103xb.o(.text)
    DMA1_Channel5_IRQHandler                 0x080001ab   Thumb Code     0  startup_stm32f103xb.o(.text)
    DMA1_Channel6_IRQHandler                 0x080001ab   Thumb Code     0  startup_stm32f103xb.o(.text)
    DMA1_Channel7_IRQHandler                 0x080001ab   Thumb Code     0  startup_stm32f103xb.o(.text)
    EXTI0_IRQHandler                         0x080001ab   Thumb Code     0  startup_stm32f103xb.o(.text)
    EXTI15_10_IRQHandler                     0x080001ab   Thumb Code     0  startup_stm32f103xb.o(.text)
    EXTI1_IRQHandler                         0x080001ab   Thumb Code     0  startup_stm32f103xb.o(.text)
    EXTI2_IRQHandler                         0x080001ab   Thumb Code     0  startup_stm32f103xb.o(.text)
    EXTI3_IRQHandler                         0x080001ab   Thumb Code     0  startup_stm32f103xb.o(.text)
    EXTI4_IRQHandler                         0x080001ab   Thumb Code     0  startup_stm32f103xb.o(.text)
    EXTI9_5_IRQHandler                       0x080001ab   Thumb Code     0  startup_stm32f103xb.o(.text)
    FLASH_IRQHandler                         0x080001ab   Thumb Code     0  startup_stm32f103xb.o(.text)
    I2C1_ER_IRQHandler                       0x080001ab   Thumb Code     0  startup_stm32f103xb.o(.text)
    I2C1_EV_IRQHandler                       0x080001ab   Thumb Code     0  startup_stm32f103xb.o(.text)
    I2C2_ER_IRQHandler                       0x080001ab   Thumb Code     0  startup_stm32f103xb.o(.text)
    I2C2_EV_IRQHandler                       0x080001ab   Thumb Code     0  startup_stm32f103xb.o(.text)
    PVD_IRQHandler                           0x080001ab   Thumb Code     0  startup_stm32f103xb.o(.text)
    RCC_IRQHandler                           0x080001ab   Thumb Code     0  startup_stm32f103xb.o(.text)
    RTC_Alarm_IRQHandler                     0x080001ab   Thumb Code     0  startup_stm32f103xb.o(.text)
    RTC_IRQHandler                           0x080001ab   Thumb Code     0  startup_stm32f103xb.o(.text)
    SPI1_IRQHandler                          0x080001ab   Thumb Code     0  startup_stm32f103xb.o(.text)
    SPI2_IRQHandler                          0x080001ab   Thumb Code     0  startup_stm32f103xb.o(.text)
    TAMPER_IRQHandler                        0x080001ab   Thumb Code     0  startup_stm32f103xb.o(.text)
    TIM1_BRK_IRQHandler                      0x080001ab   Thumb Code     0  startup_stm32f103xb.o(.text)
    TIM1_CC_IRQHandler                       0x080001ab   Thumb Code     0  startup_stm32f103xb.o(.text)
    TIM1_TRG_COM_IRQHandler                  0x080001ab   Thumb Code     0  startup_stm32f103xb.o(.text)
    TIM1_UP_IRQHandler                       0x080001ab   Thumb Code     0  startup_stm32f103xb.o(.text)
    TIM2_IRQHandler                          0x080001ab   Thumb Code     0  startup_stm32f103xb.o(.text)
    TIM4_IRQHandler                          0x080001ab   Thumb Code     0  startup_stm32f103xb.o(.text)
    USART1_IRQHandler                        0x080001ab   Thumb Code     0  startup_stm32f103xb.o(.text)
    USART2_IRQHandler                        0x080001ab   Thumb Code     0  startup_stm32f103xb.o(.text)
    USART3_IRQHandler                        0x080001ab   Thumb Code     0  startup_stm32f103xb.o(.text)
    USBWakeUp_IRQHandler                     0x080001ab   Thumb Code     0  startup_stm32f103xb.o(.text)
    USB_HP_CAN1_TX_IRQHandler                0x080001ab   Thumb Code     0  startup_stm32f103xb.o(.text)
    USB_LP_CAN1_RX0_IRQHandler               0x080001ab   Thumb Code     0  startup_stm32f103xb.o(.text)
    WWDG_IRQHandler                          0x080001ab   Thumb Code     0  startup_stm32f103xb.o(.text)
    __user_initial_stackheap                 0x080001ad   Thumb Code     0  startup_stm32f103xb.o(.text)
    __2sprintf                               0x080001d1   Thumb Code    34  noretval__2sprintf.o(.text)
    _printf_pre_padding                      0x080001f9   Thumb Code    44  _printf_pad.o(.text)
    _printf_post_padding                     0x08000225   Thumb Code    34  _printf_pad.o(.text)
    _printf_int_dec                          0x08000249   Thumb Code   104  _printf_dec.o(.text)
    __printf                                 0x080002c1   Thumb Code   270  __printf_wp.o(.text)
    __aeabi_memclr                           0x080003cf   Thumb Code     0  rt_memclr.o(.text)
    __rt_memclr                              0x080003cf   Thumb Code    68  rt_memclr.o(.text)
    _memset                                  0x080003d3   Thumb Code     0  rt_memclr.o(.text)
    __aeabi_memclr4                          0x08000413   Thumb Code     0  rt_memclr_w.o(.text)
    __aeabi_memclr8                          0x08000413   Thumb Code     0  rt_memclr_w.o(.text)
    __rt_memclr_w                            0x08000413   Thumb Code    78  rt_memclr_w.o(.text)
    _memset_w                                0x08000417   Thumb Code     0  rt_memclr_w.o(.text)
    __use_two_region_memory                  0x08000461   Thumb Code     2  heapauxi.o(.text)
    __rt_heap_escrow$2region                 0x08000463   Thumb Code     2  heapauxi.o(.text)
    __rt_heap_expand$2region                 0x08000465   Thumb Code     2  heapauxi.o(.text)
    _printf_int_common                       0x08000467   Thumb Code   178  _printf_intcommon.o(.text)
    _printf_char_common                      0x08000523   Thumb Code    32  _printf_char_common.o(.text)
    _sputc                                   0x08000549   Thumb Code    10  _sputc.o(.text)
    __user_setup_stackheap                   0x08000553   Thumb Code    74  sys_stackheap_outer.o(.text)
    exit                                     0x0800059d   Thumb Code    18  exit.o(.text)
    __user_libspace                          0x080005b1   Thumb Code     8  libspace.o(.text)
    __user_perproc_libspace                  0x080005b1   Thumb Code     0  libspace.o(.text)
    __user_perthread_libspace                0x080005b1   Thumb Code     0  libspace.o(.text)
    _sys_exit                                0x080005b9   Thumb Code     8  sys_exit.o(.text)
    __I$use$semihosting                      0x080005c5   Thumb Code     0  use_no_semi.o(.text)
    __use_no_semihosting_swi                 0x080005c5   Thumb Code     2  use_no_semi.o(.text)
    BusFault_Handler                         0x080005c7   Thumb Code     2  stm32f1xx_it.o(i.BusFault_Handler)
    __semihosting_library_function           0x080005c7   Thumb Code     0  indicate_semi.o(.text)
    Clock_GetTime_Color                      0x080005c9   Thumb Code    28  clock.o(i.Clock_GetTime_Color)
    Clock_ShowClock                          0x080005ed   Thumb Code   280  clock.o(i.Clock_ShowClock)
    Clock_ShowDate                           0x08000715   Thumb Code   344  clock.o(i.Clock_ShowDate)
    DMA1_Channel3_IRQHandler                 0x08000879   Thumb Code     6  stm32f1xx_it.o(i.DMA1_Channel3_IRQHandler)
    DebugMon_Handler                         0x080008af   Thumb Code     2  stm32f1xx_it.o(i.DebugMon_Handler)
    Display_Show                             0x080008b1   Thumb Code    24  bsp_ws2812.o(i.Display_Show)
    Display_Update                           0x080008cd   Thumb Code    20  bsp_ws2812.o(i.Display_Update)
    Error_Handler                            0x080008e9   Thumb Code     4  main.o(i.Error_Handler)
    HAL_DMA_IRQHandler                       0x080008ed   Thumb Code   316  stm32f1xx_hal_dma.o(i.HAL_DMA_IRQHandler)
    HAL_DMA_Init                             0x08000a41   Thumb Code    84  stm32f1xx_hal_dma.o(i.HAL_DMA_Init)
    HAL_DMA_Start_IT                         0x08000a9d   Thumb Code   112  stm32f1xx_hal_dma.o(i.HAL_DMA_Start_IT)
    HAL_Delay                                0x08000b0d   Thumb Code    32  stm32f1xx_hal.o(i.HAL_Delay)
    HAL_GPIO_Init                            0x08000b31   Thumb Code   446  stm32f1xx_hal_gpio.o(i.HAL_GPIO_Init)
    HAL_GPIO_ReadPin                         0x08000d11   Thumb Code    10  stm32f1xx_hal_gpio.o(i.HAL_GPIO_ReadPin)
    HAL_GPIO_WritePin                        0x08000d1b   Thumb Code    10  stm32f1xx_hal_gpio.o(i.HAL_GPIO_WritePin)
    HAL_GetTick                              0x08000d25   Thumb Code     6  stm32f1xx_hal.o(i.HAL_GetTick)
    HAL_IncTick                              0x08000d31   Thumb Code    12  stm32f1xx_hal.o(i.HAL_IncTick)
    HAL_Init                                 0x08000d41   Thumb Code    32  stm32f1xx_hal.o(i.HAL_Init)
    HAL_InitTick                             0x08000d65   Thumb Code    54  stm32f1xx_hal.o(i.HAL_InitTick)
    HAL_MspInit                              0x08000da5   Thumb Code    52  stm32f1xx_hal_msp.o(i.HAL_MspInit)
    HAL_NVIC_EnableIRQ                       0x08000de1   Thumb Code    26  stm32f1xx_hal_cortex.o(i.HAL_NVIC_EnableIRQ)
    HAL_NVIC_SetPriority                     0x08000dfd   Thumb Code    60  stm32f1xx_hal_cortex.o(i.HAL_NVIC_SetPriority)
    HAL_NVIC_SetPriorityGrouping             0x08000e3d   Thumb Code    26  stm32f1xx_hal_cortex.o(i.HAL_NVIC_SetPriorityGrouping)
    HAL_PWR_EnableBkUpAccess                 0x08000e61   Thumb Code     8  stm32f1xx_hal_pwr.o(i.HAL_PWR_EnableBkUpAccess)
    HAL_RCCEx_GetPeriphCLKFreq               0x08000e6d   Thumb Code   148  stm32f1xx_hal_rcc_ex.o(i.HAL_RCCEx_GetPeriphCLKFreq)
    HAL_RCCEx_PeriphCLKConfig                0x08000f11   Thumb Code   224  stm32f1xx_hal_rcc_ex.o(i.HAL_RCCEx_PeriphCLKConfig)
    HAL_RCC_ClockConfig                      0x08000ffd   Thumb Code   280  stm32f1xx_hal_rcc.o(i.HAL_RCC_ClockConfig)
    HAL_RCC_GetPCLK2Freq                     0x08001129   Thumb Code    20  stm32f1xx_hal_rcc.o(i.HAL_RCC_GetPCLK2Freq)
    HAL_RCC_GetSysClockFreq                  0x08001149   Thumb Code    58  stm32f1xx_hal_rcc.o(i.HAL_RCC_GetSysClockFreq)
    HAL_RCC_OscConfig                        0x08001195   Thumb Code   778  stm32f1xx_hal_rcc.o(i.HAL_RCC_OscConfig)
    HAL_RTC_GetDate                          0x080014b5   Thumb Code    78  stm32f1xx_hal_rtc.o(i.HAL_RTC_GetDate)
    HAL_RTC_GetTime                          0x08001503   Thumb Code   216  stm32f1xx_hal_rtc.o(i.HAL_RTC_GetTime)
    HAL_RTC_Init                             0x080015dd   Thumb Code   144  stm32f1xx_hal_rtc.o(i.HAL_RTC_Init)
    HAL_RTC_MspInit                          0x08001671   Thumb Code    40  rtc.o(i.HAL_RTC_MspInit)
    HAL_RTC_WaitForSynchro                   0x080016a5   Thumb Code    58  stm32f1xx_hal_rtc.o(i.HAL_RTC_WaitForSynchro)
    HAL_SPI_ErrorCallback                    0x080016df   Thumb Code     2  stm32f1xx_hal_spi.o(i.HAL_SPI_ErrorCallback)
    HAL_SPI_Init                             0x080016e1   Thumb Code   178  stm32f1xx_hal_spi.o(i.HAL_SPI_Init)
    HAL_SPI_MspInit                          0x08001795   Thumb Code   126  spi.o(i.HAL_SPI_MspInit)
    HAL_SPI_Transmit_DMA                     0x08001829   Thumb Code   192  stm32f1xx_hal_spi.o(i.HAL_SPI_Transmit_DMA)
    HAL_SPI_TxCpltCallback                   0x080018f5   Thumb Code     2  stm32f1xx_hal_spi.o(i.HAL_SPI_TxCpltCallback)
    HAL_SPI_TxHalfCpltCallback               0x080018f7   Thumb Code     2  stm32f1xx_hal_spi.o(i.HAL_SPI_TxHalfCpltCallback)
    HAL_SYSTICK_Config                       0x080018f9   Thumb Code    40  stm32f1xx_hal_cortex.o(i.HAL_SYSTICK_Config)
    HAL_TIMEx_BreakCallback                  0x08001921   Thumb Code     2  stm32f1xx_hal_tim_ex.o(i.HAL_TIMEx_BreakCallback)
    HAL_TIMEx_CommutCallback                 0x08001923   Thumb Code     2  stm32f1xx_hal_tim_ex.o(i.HAL_TIMEx_CommutCallback)
    HAL_TIMEx_MasterConfigSynchronization    0x08001925   Thumb Code    92  stm32f1xx_hal_tim_ex.o(i.HAL_TIMEx_MasterConfigSynchronization)
    HAL_TIM_Base_Init                        0x0800198d   Thumb Code    90  stm32f1xx_hal_tim.o(i.HAL_TIM_Base_Init)
    HAL_TIM_Base_MspInit                     0x080019e9   Thumb Code    72  tim.o(i.HAL_TIM_Base_MspInit)
    HAL_TIM_Base_Start                       0x08001a39   Thumb Code    66  stm32f1xx_hal_tim.o(i.HAL_TIM_Base_Start)
    HAL_TIM_Base_Start_IT                    0x08001a89   Thumb Code    76  stm32f1xx_hal_tim.o(i.HAL_TIM_Base_Start_IT)
    HAL_TIM_Base_Stop                        0x08001ae1   Thumb Code    38  stm32f1xx_hal_tim.o(i.HAL_TIM_Base_Stop)
    HAL_TIM_ConfigClockSource                0x08001b07   Thumb Code   220  stm32f1xx_hal_tim.o(i.HAL_TIM_ConfigClockSource)
    HAL_TIM_IC_CaptureCallback               0x08001be3   Thumb Code     2  stm32f1xx_hal_tim.o(i.HAL_TIM_IC_CaptureCallback)
    HAL_TIM_IRQHandler                       0x08001be5   Thumb Code   358  stm32f1xx_hal_tim.o(i.HAL_TIM_IRQHandler)
    HAL_TIM_OC_DelayElapsedCallback          0x08001d4b   Thumb Code     2  stm32f1xx_hal_tim.o(i.HAL_TIM_OC_DelayElapsedCallback)
    HAL_TIM_PWM_PulseFinishedCallback        0x08001d4d   Thumb Code     2  stm32f1xx_hal_tim.o(i.HAL_TIM_PWM_PulseFinishedCallback)
    HAL_TIM_PeriodElapsedCallback            0x08001d51   Thumb Code    34  task_create.o(i.HAL_TIM_PeriodElapsedCallback)
    HAL_TIM_TriggerCallback                  0x08001d7d   Thumb Code     2  stm32f1xx_hal_tim.o(i.HAL_TIM_TriggerCallback)
    HardFault_Handler                        0x08001d7f   Thumb Code     2  stm32f1xx_it.o(i.HardFault_Handler)
    Light_Show                               0x08001dd1   Thumb Code    62  light.o(i.Light_Show)
    MX_DMA_Init                              0x08001e19   Thumb Code    40  dma.o(i.MX_DMA_Init)
    MX_GPIO_Init                             0x08001e45   Thumb Code   136  gpio.o(i.MX_GPIO_Init)
    MX_RTC_Init                              0x08001ed5   Thumb Code    38  rtc.o(i.MX_RTC_Init)
    MX_SPI1_Init                             0x08001f05   Thumb Code    62  spi.o(i.MX_SPI1_Init)
    MX_TIM2_Init                             0x08001f4d   Thumb Code    94  tim.o(i.MX_TIM2_Init)
    MX_TIM3_Init                             0x08001fb1   Thumb Code    96  tim.o(i.MX_TIM3_Init)
    MemManage_Handler                        0x08002019   Thumb Code     2  stm32f1xx_it.o(i.MemManage_Handler)
    ModeSet_task                             0x0800201d   Thumb Code   242  modeset_task.o(i.ModeSet_task)
    NMI_Handler                              0x08002119   Thumb Code     2  stm32f1xx_it.o(i.NMI_Handler)
    PendSV_Handler                           0x0800211b   Thumb Code     2  stm32f1xx_it.o(i.PendSV_Handler)
    SVC_Handler                              0x08002489   Thumb Code     2  stm32f1xx_it.o(i.SVC_Handler)
    SetCursor                                0x0800248d   Thumb Code     8  bsp_ws2812.o(i.SetCursor)
    SysTick_Handler                          0x08002499   Thumb Code     4  stm32f1xx_it.o(i.SysTick_Handler)
    SystemClock_Config                       0x0800249d   Thumb Code   128  main.o(i.SystemClock_Config)
    SystemInit                               0x0800251d   Thumb Code     2  system_stm32f1xx.o(i.SystemInit)
    TIM3_IRQHandler                          0x08002521   Thumb Code     6  stm32f1xx_it.o(i.TIM3_IRQHandler)
    TIM_Base_SetConfig                       0x0800252d   Thumb Code    94  stm32f1xx_hal_tim.o(i.TIM_Base_SetConfig)
    TIM_ETR_SetConfig                        0x08002599   Thumb Code    20  stm32f1xx_hal_tim.o(i.TIM_ETR_SetConfig)
    Task_Star                                0x08002605   Thumb Code    46  task_create.o(i.Task_Star)
    Temputer_show                            0x08002639   Thumb Code   346  temputer.o(i.Temputer_show)
    Temputer_show_shi                        0x080027ad   Thumb Code   326  temputer.o(i.Temputer_show_shi)
    UsageFault_Handler                       0x0800290d   Thumb Code     2  stm32f1xx_it.o(i.UsageFault_Handler)
    WS2812_Change_free                       0x0800290f   Thumb Code   172  bsp_ws2812.o(i.WS2812_Change_free)
    Write_OneChar                            0x080029bb   Thumb Code  4762  bsp_base.o(i.Write_OneChar)
    Write_OneDigitalTube                     0x08003c55   Thumb Code  1176  bsp_base.o(i.Write_OneDigitalTube)
    Ws2812_Set                               0x080041f9   Thumb Code    30  bsp_ws2812.o(i.Ws2812_Set)
    _is_digit                                0x08004237   Thumb Code    14  __printf_wp.o(i._is_digit)
    clear_all                                0x08004245   Thumb Code    10  bsp_pixeloperation.o(i.clear_all)
    dht11_ReadDate                           0x080042b9   Thumb Code   318  dht11_driver.o(i.dht11_ReadDate)
    display_show                             0x0800440d   Thumb Code   176  display_task.o(i.display_show)
    main                                     0x080044d1   Thumb Code    50  main.o(i.main)
    write_picture                            0x08004509   Thumb Code    88  bsp_pixeloperation.o(i.write_picture)
    write_picture_main                       0x08004561   Thumb Code    96  bsp_pixeloperation.o(i.write_picture_main)
    write_rectangle_full                     0x080045c1   Thumb Code    98  bsp_pixeloperation.o(i.write_rectangle_full)
    __aeabi_fadd                             0x08004625   Thumb Code     0  faddsub_clz.o(x$fpl$fadd)
    _fadd                                    0x08004625   Thumb Code   196  faddsub_clz.o(x$fpl$fadd)
    __aeabi_fdiv                             0x080046e9   Thumb Code     0  fdiv.o(x$fpl$fdiv)
    _fdiv                                    0x080046e9   Thumb Code   384  fdiv.o(x$fpl$fdiv)
    __aeabi_f2iz                             0x0800486d   Thumb Code     0  ffix.o(x$fpl$ffix)
    _ffix                                    0x0800486d   Thumb Code    54  ffix.o(x$fpl$ffix)
    __aeabi_f2uiz                            0x080048a5   Thumb Code     0  ffixu.o(x$fpl$ffixu)
    _ffixu                                   0x080048a5   Thumb Code    62  ffixu.o(x$fpl$ffixu)
    __aeabi_ui2f                             0x080048e5   Thumb Code     0  fflt_clz.o(x$fpl$ffltu)
    _ffltu                                   0x080048e5   Thumb Code    38  fflt_clz.o(x$fpl$ffltu)
    __aeabi_fmul                             0x0800490d   Thumb Code     0  fmul.o(x$fpl$fmul)
    _fmul                                    0x0800490d   Thumb Code   258  fmul.o(x$fpl$fmul)
    __fpl_fnaninf                            0x08004a0f   Thumb Code   140  fnaninf.o(x$fpl$fnaninf)
    __fpl_fretinf                            0x08004a9b   Thumb Code    10  fretinf.o(x$fpl$fretinf)
    __aeabi_fsub                             0x08004aa5   Thumb Code     0  faddsub_clz.o(x$fpl$fsub)
    _fsub                                    0x08004aa5   Thumb Code   234  faddsub_clz.o(x$fpl$fsub)
    __I$use$fp                               0x08004b8e   Number         0  usenofp.o(x$fpl$usenofp)
    AHBPrescTable                            0x08004bb2   Data          16  system_stm32f1xx.o(.constdata)
    APBPrescTable                            0x08004bc2   Data           8  system_stm32f1xx.o(.constdata)
    Clock_icon_pic                           0x08004bca   Data         192  clock.o(.constdata)
    Temputer_icon_pic                        0x08004c8a   Data         576  small_wight.o(.constdata)
    Temputer_icon_shi                        0x08004eca   Data         270  small_wight.o(.constdata)
    SmallWig_Fish                            0x08004fd8   Data        3168  small_wight.o(.constdata)
    SmallWight_AlarmClock                    0x08005c38   Data         196  small_wight.o(.constdata)
    Region$$Table$$Base                      0x08005cfc   Number         0  anon$$obj.o(Region$$Table)
    Region$$Table$$Limit                     0x08005d1c   Number         0  anon$$obj.o(Region$$Table)
    uwTickFreq                               0x20000000   Data           1  stm32f1xx_hal.o(.data)
    uwTickPrio                               0x20000004   Data           4  stm32f1xx_hal.o(.data)
    uwTick                                   0x20000008   Data           4  stm32f1xx_hal.o(.data)
    SystemCoreClock                          0x2000000c   Data           4  system_stm32f1xx.o(.data)
    mode_main                                0x20000016   Data           8  modeset_task.o(.data)
    task_delay50ms                           0x2000001e   Data           1  task_create.o(.data)
    task_delay10ms                           0x2000001f   Data           1  task_create.o(.data)
    task_delay20ms                           0x20000020   Data           1  task_create.o(.data)
    task_delay100ms                          0x20000021   Data           1  task_create.o(.data)
    rtc_main                                 0x20000025   Data           3  clock.o(.data)
    rtc_date                                 0x20000028   Data           4  clock.o(.data)
    t                                        0x2000002c   Data           6  clock.o(.data)
    Light_main                               0x20000033   Data           8  light.o(.data)
    hrtc                                     0x20000044   Data          20  rtc.o(.bss)
    hspi1                                    0x20000058   Data          88  spi.o(.bss)
    hdma_spi1_tx                             0x200000b0   Data          68  spi.o(.bss)
    htim2                                    0x200000f4   Data          72  tim.o(.bss)
    htim3                                    0x2000013c   Data          72  tim.o(.bss)
    display_main                             0x20000184   Data        6144  bsp_ws2812.o(.bss)
    one                                      0x20001984   Data         778  bsp_ws2812.o(.bss)
    Temputer_main                            0x20001c90   Data          24  temputer.o(.bss)
    __libspace_start                         0x20001ca8   Data          96  libspace.o(.bss)
    __temporary_stack_top$libspace           0x20001d08   Data           0  libspace.o(.bss)



==============================================================================

Memory Map of the image

  Image Entry point : 0x080000ed

  Load Region LR_IROM1 (Base: 0x08000000, Size: 0x00005d60, Max: 0x00010000, ABSOLUTE)

    Execution Region ER_IROM1 (Exec base: 0x08000000, Load base: 0x08000000, Size: 0x00005d1c, Max: 0x00010000, ABSOLUTE)

    Exec Addr    Load Addr    Size         Type   Attr      Idx    E Section Name        Object

    0x08000000   0x08000000   0x000000ec   Data   RO            3    RESET               startup_stm32f103xb.o
    0x080000ec   0x080000ec   0x00000008   Code   RO         3898  * !!!main             c_w.l(__main.o)
    0x080000f4   0x080000f4   0x00000034   Code   RO         4095    !!!scatter          c_w.l(__scatter.o)
    0x08000128   0x08000128   0x0000001a   Code   RO         4097    !!handler_copy      c_w.l(__scatter_copy.o)
    0x08000142   0x08000142   0x00000002   PAD
    0x08000144   0x08000144   0x0000001c   Code   RO         4099    !!handler_zi        c_w.l(__scatter_zi.o)
    0x08000160   0x08000160   0x00000000   Code   RO         3891    .ARM.Collect$$_printf_percent$$00000000  c_w.l(_printf_percent.o)
    0x08000160   0x08000160   0x00000006   Code   RO         3890    .ARM.Collect$$_printf_percent$$00000009  c_w.l(_printf_d.o)
    0x08000166   0x08000166   0x00000004   Code   RO         3933    .ARM.Collect$$_printf_percent$$00000017  c_w.l(_printf_percent_end.o)
    0x0800016a   0x0800016a   0x00000002   Code   RO         3965    .ARM.Collect$$libinit$$00000000  c_w.l(libinit.o)
    0x0800016c   0x0800016c   0x00000000   Code   RO         3972    .ARM.Collect$$libinit$$00000002  c_w.l(libinit2.o)
    0x0800016c   0x0800016c   0x00000000   Code   RO         3974    .ARM.Collect$$libinit$$00000004  c_w.l(libinit2.o)
    0x0800016c   0x0800016c   0x00000000   Code   RO         3977    .ARM.Collect$$libinit$$0000000A  c_w.l(libinit2.o)
    0x0800016c   0x0800016c   0x00000000   Code   RO         3979    .ARM.Collect$$libinit$$0000000C  c_w.l(libinit2.o)
    0x0800016c   0x0800016c   0x00000000   Code   RO         3981    .ARM.Collect$$libinit$$0000000E  c_w.l(libinit2.o)
    0x0800016c   0x0800016c   0x00000000   Code   RO         3984    .ARM.Collect$$libinit$$00000011  c_w.l(libinit2.o)
    0x0800016c   0x0800016c   0x00000000   Code   RO         3986    .ARM.Collect$$libinit$$00000013  c_w.l(libinit2.o)
    0x0800016c   0x0800016c   0x00000000   Code   RO         3988    .ARM.Collect$$libinit$$00000015  c_w.l(libinit2.o)
    0x0800016c   0x0800016c   0x00000000   Code   RO         3990    .ARM.Collect$$libinit$$00000017  c_w.l(libinit2.o)
    0x0800016c   0x0800016c   0x00000000   Code   RO         3992    .ARM.Collect$$libinit$$00000019  c_w.l(libinit2.o)
    0x0800016c   0x0800016c   0x00000000   Code   RO         3994    .ARM.Collect$$libinit$$0000001B  c_w.l(libinit2.o)
    0x0800016c   0x0800016c   0x00000000   Code   RO         3996    .ARM.Collect$$libinit$$0000001D  c_w.l(libinit2.o)
    0x0800016c   0x0800016c   0x00000000   Code   RO         3998    .ARM.Collect$$libinit$$0000001F  c_w.l(libinit2.o)
    0x0800016c   0x0800016c   0x00000000   Code   RO         4000    .ARM.Collect$$libinit$$00000021  c_w.l(libinit2.o)
    0x0800016c   0x0800016c   0x00000000   Code   RO         4002    .ARM.Collect$$libinit$$00000023  c_w.l(libinit2.o)
    0x0800016c   0x0800016c   0x00000000   Code   RO         4004    .ARM.Collect$$libinit$$00000025  c_w.l(libinit2.o)
    0x0800016c   0x0800016c   0x00000000   Code   RO         4008    .ARM.Collect$$libinit$$0000002C  c_w.l(libinit2.o)
    0x0800016c   0x0800016c   0x00000000   Code   RO         4010    .ARM.Collect$$libinit$$0000002E  c_w.l(libinit2.o)
    0x0800016c   0x0800016c   0x00000000   Code   RO         4012    .ARM.Collect$$libinit$$00000030  c_w.l(libinit2.o)
    0x0800016c   0x0800016c   0x00000000   Code   RO         4014    .ARM.Collect$$libinit$$00000032  c_w.l(libinit2.o)
    0x0800016c   0x0800016c   0x00000002   Code   RO         4015    .ARM.Collect$$libinit$$00000033  c_w.l(libinit2.o)
    0x0800016e   0x0800016e   0x00000002   Code   RO         4035    .ARM.Collect$$libshutdown$$00000000  c_w.l(libshutdown.o)
    0x08000170   0x08000170   0x00000000   Code   RO         4048    .ARM.Collect$$libshutdown$$00000002  c_w.l(libshutdown2.o)
    0x08000170   0x08000170   0x00000000   Code   RO         4050    .ARM.Collect$$libshutdown$$00000004  c_w.l(libshutdown2.o)
    0x08000170   0x08000170   0x00000000   Code   RO         4053    .ARM.Collect$$libshutdown$$00000007  c_w.l(libshutdown2.o)
    0x08000170   0x08000170   0x00000000   Code   RO         4056    .ARM.Collect$$libshutdown$$0000000A  c_w.l(libshutdown2.o)
    0x08000170   0x08000170   0x00000000   Code   RO         4058    .ARM.Collect$$libshutdown$$0000000C  c_w.l(libshutdown2.o)
    0x08000170   0x08000170   0x00000000   Code   RO         4061    .ARM.Collect$$libshutdown$$0000000F  c_w.l(libshutdown2.o)
    0x08000170   0x08000170   0x00000002   Code   RO         4062    .ARM.Collect$$libshutdown$$00000010  c_w.l(libshutdown2.o)
    0x08000172   0x08000172   0x00000000   Code   RO         3926    .ARM.Collect$$rtentry$$00000000  c_w.l(__rtentry.o)
    0x08000172   0x08000172   0x00000000   Code   RO         3940    .ARM.Collect$$rtentry$$00000002  c_w.l(__rtentry2.o)
    0x08000172   0x08000172   0x00000006   Code   RO         3952    .ARM.Collect$$rtentry$$00000004  c_w.l(__rtentry4.o)
    0x08000178   0x08000178   0x00000000   Code   RO         3942    .ARM.Collect$$rtentry$$00000009  c_w.l(__rtentry2.o)
    0x08000178   0x08000178   0x00000004   Code   RO         3943    .ARM.Collect$$rtentry$$0000000A  c_w.l(__rtentry2.o)
    0x0800017c   0x0800017c   0x00000000   Code   RO         3945    .ARM.Collect$$rtentry$$0000000C  c_w.l(__rtentry2.o)
    0x0800017c   0x0800017c   0x00000008   Code   RO         3946    .ARM.Collect$$rtentry$$0000000D  c_w.l(__rtentry2.o)
    0x08000184   0x08000184   0x00000002   Code   RO         3969    .ARM.Collect$$rtexit$$00000000  c_w.l(rtexit.o)
    0x08000186   0x08000186   0x00000000   Code   RO         4017    .ARM.Collect$$rtexit$$00000002  c_w.l(rtexit2.o)
    0x08000186   0x08000186   0x00000004   Code   RO         4018    .ARM.Collect$$rtexit$$00000003  c_w.l(rtexit2.o)
    0x0800018a   0x0800018a   0x00000006   Code   RO         4019    .ARM.Collect$$rtexit$$00000004  c_w.l(rtexit2.o)
    0x08000190   0x08000190   0x00000040   Code   RO            4    .text               startup_stm32f103xb.o
    0x080001d0   0x080001d0   0x00000028   Code   RO         3862    .text               c_w.l(noretval__2sprintf.o)
    0x080001f8   0x080001f8   0x0000004e   Code   RO         3866    .text               c_w.l(_printf_pad.o)
    0x08000246   0x08000246   0x00000002   PAD
    0x08000248   0x08000248   0x00000078   Code   RO         3868    .text               c_w.l(_printf_dec.o)
    0x080002c0   0x080002c0   0x0000010e   Code   RO         3878    .text               c_w.l(__printf_wp.o)
    0x080003ce   0x080003ce   0x00000044   Code   RO         3892    .text               c_w.l(rt_memclr.o)
    0x08000412   0x08000412   0x0000004e   Code   RO         3894    .text               c_w.l(rt_memclr_w.o)
    0x08000460   0x08000460   0x00000006   Code   RO         3896    .text               c_w.l(heapauxi.o)
    0x08000466   0x08000466   0x000000b2   Code   RO         3927    .text               c_w.l(_printf_intcommon.o)
    0x08000518   0x08000518   0x00000030   Code   RO         3929    .text               c_w.l(_printf_char_common.o)
    0x08000548   0x08000548   0x0000000a   Code   RO         3931    .text               c_w.l(_sputc.o)
    0x08000552   0x08000552   0x0000004a   Code   RO         3956    .text               c_w.l(sys_stackheap_outer.o)
    0x0800059c   0x0800059c   0x00000012   Code   RO         3958    .text               c_w.l(exit.o)
    0x080005ae   0x080005ae   0x00000002   PAD
    0x080005b0   0x080005b0   0x00000008   Code   RO         3966    .text               c_w.l(libspace.o)
    0x080005b8   0x080005b8   0x0000000c   Code   RO         4027    .text               c_w.l(sys_exit.o)
    0x080005c4   0x080005c4   0x00000002   Code   RO         4038    .text               c_w.l(use_no_semi.o)
    0x080005c6   0x080005c6   0x00000000   Code   RO         4040    .text               c_w.l(indicate_semi.o)
    0x080005c6   0x080005c6   0x00000002   Code   RO          455    i.BusFault_Handler  stm32f1xx_it.o
    0x080005c8   0x080005c8   0x00000024   Code   RO         3680    i.Clock_GetTime_Color  clock.o
    0x080005ec   0x080005ec   0x00000128   Code   RO         3682    i.Clock_ShowClock   clock.o
    0x08000714   0x08000714   0x00000164   Code   RO         3683    i.Clock_ShowDate    clock.o
    0x08000878   0x08000878   0x0000000c   Code   RO          456    i.DMA1_Channel3_IRQHandler  stm32f1xx_it.o
    0x08000884   0x08000884   0x0000002a   Code   RO         1255    i.DMA_SetConfig     stm32f1xx_hal_dma.o
    0x080008ae   0x080008ae   0x00000002   Code   RO          457    i.DebugMon_Handler  stm32f1xx_it.o
    0x080008b0   0x080008b0   0x0000001c   Code   RO         3623    i.Display_Show      bsp_ws2812.o
    0x080008cc   0x080008cc   0x0000001c   Code   RO         3624    i.Display_Update    bsp_ws2812.o
    0x080008e8   0x080008e8   0x00000004   Code   RO           13    i.Error_Handler     main.o
    0x080008ec   0x080008ec   0x00000154   Code   RO         1261    i.HAL_DMA_IRQHandler  stm32f1xx_hal_dma.o
    0x08000a40   0x08000a40   0x0000005c   Code   RO         1262    i.HAL_DMA_Init      stm32f1xx_hal_dma.o
    0x08000a9c   0x08000a9c   0x00000070   Code   RO         1266    i.HAL_DMA_Start_IT  stm32f1xx_hal_dma.o
    0x08000b0c   0x08000b0c   0x00000024   Code   RO          882    i.HAL_Delay         stm32f1xx_hal.o
    0x08000b30   0x08000b30   0x000001e0   Code   RO         1192    i.HAL_GPIO_Init     stm32f1xx_hal_gpio.o
    0x08000d10   0x08000d10   0x0000000a   Code   RO         1194    i.HAL_GPIO_ReadPin  stm32f1xx_hal_gpio.o
    0x08000d1a   0x08000d1a   0x0000000a   Code   RO         1196    i.HAL_GPIO_WritePin  stm32f1xx_hal_gpio.o
    0x08000d24   0x08000d24   0x0000000c   Code   RO          886    i.HAL_GetTick       stm32f1xx_hal.o
    0x08000d30   0x08000d30   0x00000010   Code   RO          892    i.HAL_IncTick       stm32f1xx_hal.o
    0x08000d40   0x08000d40   0x00000024   Code   RO          893    i.HAL_Init          stm32f1xx_hal.o
    0x08000d64   0x08000d64   0x00000040   Code   RO          894    i.HAL_InitTick      stm32f1xx_hal.o
    0x08000da4   0x08000da4   0x0000003c   Code   RO          543    i.HAL_MspInit       stm32f1xx_hal_msp.o
    0x08000de0   0x08000de0   0x0000001a   Code   RO         1352    i.HAL_NVIC_EnableIRQ  stm32f1xx_hal_cortex.o
    0x08000dfa   0x08000dfa   0x00000002   PAD
    0x08000dfc   0x08000dfc   0x00000040   Code   RO         1358    i.HAL_NVIC_SetPriority  stm32f1xx_hal_cortex.o
    0x08000e3c   0x08000e3c   0x00000024   Code   RO         1359    i.HAL_NVIC_SetPriorityGrouping  stm32f1xx_hal_cortex.o
    0x08000e60   0x08000e60   0x0000000c   Code   RO         1474    i.HAL_PWR_EnableBkUpAccess  stm32f1xx_hal_pwr.o
    0x08000e6c   0x08000e6c   0x000000a4   Code   RO         1153    i.HAL_RCCEx_GetPeriphCLKFreq  stm32f1xx_hal_rcc_ex.o
    0x08000f10   0x08000f10   0x000000ec   Code   RO         1154    i.HAL_RCCEx_PeriphCLKConfig  stm32f1xx_hal_rcc_ex.o
    0x08000ffc   0x08000ffc   0x0000012c   Code   RO         1050    i.HAL_RCC_ClockConfig  stm32f1xx_hal_rcc.o
    0x08001128   0x08001128   0x00000020   Code   RO         1058    i.HAL_RCC_GetPCLK2Freq  stm32f1xx_hal_rcc.o
    0x08001148   0x08001148   0x0000004c   Code   RO         1059    i.HAL_RCC_GetSysClockFreq  stm32f1xx_hal_rcc.o
    0x08001194   0x08001194   0x00000320   Code   RO         1062    i.HAL_RCC_OscConfig  stm32f1xx_hal_rcc.o
    0x080014b4   0x080014b4   0x0000004e   Code   RO          608    i.HAL_RTC_GetDate   stm32f1xx_hal_rtc.o
    0x08001502   0x08001502   0x000000d8   Code   RO          610    i.HAL_RTC_GetTime   stm32f1xx_hal_rtc.o
    0x080015da   0x080015da   0x00000002   PAD
    0x080015dc   0x080015dc   0x00000094   Code   RO          611    i.HAL_RTC_Init      stm32f1xx_hal_rtc.o
    0x08001670   0x08001670   0x00000034   Code   RO          324    i.HAL_RTC_MspInit   rtc.o
    0x080016a4   0x080016a4   0x0000003a   Code   RO          619    i.HAL_RTC_WaitForSynchro  stm32f1xx_hal_rtc.o
    0x080016de   0x080016de   0x00000002   Code   RO         1859    i.HAL_SPI_ErrorCallback  stm32f1xx_hal_spi.o
    0x080016e0   0x080016e0   0x000000b2   Code   RO         1863    i.HAL_SPI_Init      stm32f1xx_hal_spi.o
    0x08001792   0x08001792   0x00000002   PAD
    0x08001794   0x08001794   0x00000094   Code   RO          366    i.HAL_SPI_MspInit   spi.o
    0x08001828   0x08001828   0x000000cc   Code   RO         1875    i.HAL_SPI_Transmit_DMA  stm32f1xx_hal_spi.o
    0x080018f4   0x080018f4   0x00000002   Code   RO         1877    i.HAL_SPI_TxCpltCallback  stm32f1xx_hal_spi.o
    0x080018f6   0x080018f6   0x00000002   Code   RO         1878    i.HAL_SPI_TxHalfCpltCallback  stm32f1xx_hal_spi.o
    0x080018f8   0x080018f8   0x00000028   Code   RO         1363    i.HAL_SYSTICK_Config  stm32f1xx_hal_cortex.o
    0x08001920   0x08001920   0x00000002   Code   RO         2880    i.HAL_TIMEx_BreakCallback  stm32f1xx_hal_tim_ex.o
    0x08001922   0x08001922   0x00000002   Code   RO         2881    i.HAL_TIMEx_CommutCallback  stm32f1xx_hal_tim_ex.o
    0x08001924   0x08001924   0x00000068   Code   RO         2899    i.HAL_TIMEx_MasterConfigSynchronization  stm32f1xx_hal_tim_ex.o
    0x0800198c   0x0800198c   0x0000005a   Code   RO         2176    i.HAL_TIM_Base_Init  stm32f1xx_hal_tim.o
    0x080019e6   0x080019e6   0x00000002   PAD
    0x080019e8   0x080019e8   0x00000050   Code   RO          408    i.HAL_TIM_Base_MspInit  tim.o
    0x08001a38   0x08001a38   0x00000050   Code   RO         2179    i.HAL_TIM_Base_Start  stm32f1xx_hal_tim.o
    0x08001a88   0x08001a88   0x00000058   Code   RO         2181    i.HAL_TIM_Base_Start_IT  stm32f1xx_hal_tim.o
    0x08001ae0   0x08001ae0   0x00000026   Code   RO         2182    i.HAL_TIM_Base_Stop  stm32f1xx_hal_tim.o
    0x08001b06   0x08001b06   0x000000dc   Code   RO         2185    i.HAL_TIM_ConfigClockSource  stm32f1xx_hal_tim.o
    0x08001be2   0x08001be2   0x00000002   Code   RO         2210    i.HAL_TIM_IC_CaptureCallback  stm32f1xx_hal_tim.o
    0x08001be4   0x08001be4   0x00000166   Code   RO         2224    i.HAL_TIM_IRQHandler  stm32f1xx_hal_tim.o
    0x08001d4a   0x08001d4a   0x00000002   Code   RO         2227    i.HAL_TIM_OC_DelayElapsedCallback  stm32f1xx_hal_tim.o
    0x08001d4c   0x08001d4c   0x00000002   Code   RO         2254    i.HAL_TIM_PWM_PulseFinishedCallback  stm32f1xx_hal_tim.o
    0x08001d4e   0x08001d4e   0x00000002   PAD
    0x08001d50   0x08001d50   0x0000002c   Code   RO         3369    i.HAL_TIM_PeriodElapsedCallback  task_create.o
    0x08001d7c   0x08001d7c   0x00000002   Code   RO         2267    i.HAL_TIM_TriggerCallback  stm32f1xx_hal_tim.o
    0x08001d7e   0x08001d7e   0x00000002   Code   RO          458    i.HardFault_Handler  stm32f1xx_it.o
    0x08001d80   0x08001d80   0x00000050   Code   RO         3730    i.Light_ColorSet    light.o
    0x08001dd0   0x08001dd0   0x00000048   Code   RO         3731    i.Light_Show        light.o
    0x08001e18   0x08001e18   0x0000002c   Code   RO          296    i.MX_DMA_Init       dma.o
    0x08001e44   0x08001e44   0x00000090   Code   RO          182    i.MX_GPIO_Init      gpio.o
    0x08001ed4   0x08001ed4   0x00000030   Code   RO          325    i.MX_RTC_Init       rtc.o
    0x08001f04   0x08001f04   0x00000048   Code   RO          367    i.MX_SPI1_Init      spi.o
    0x08001f4c   0x08001f4c   0x00000064   Code   RO          409    i.MX_TIM2_Init      tim.o
    0x08001fb0   0x08001fb0   0x00000068   Code   RO          410    i.MX_TIM3_Init      tim.o
    0x08002018   0x08002018   0x00000002   Code   RO          459    i.MemManage_Handler  stm32f1xx_it.o
    0x0800201a   0x0800201a   0x00000002   PAD
    0x0800201c   0x0800201c   0x000000fc   Code   RO         3335    i.ModeSet_task      modeset_task.o
    0x08002118   0x08002118   0x00000002   Code   RO          460    i.NMI_Handler       stm32f1xx_it.o
    0x0800211a   0x0800211a   0x00000002   Code   RO          461    i.PendSV_Handler    stm32f1xx_it.o
    0x0800211c   0x0800211c   0x00000016   Code   RO          621    i.RTC_ByteToBcd2    stm32f1xx_hal_rtc.o
    0x08002132   0x08002132   0x000000ae   Code   RO          622    i.RTC_DateUpdate    stm32f1xx_hal_rtc.o
    0x080021e0   0x080021e0   0x00000034   Code   RO          623    i.RTC_EnterInitMode  stm32f1xx_hal_rtc.o
    0x08002214   0x08002214   0x00000036   Code   RO          624    i.RTC_ExitInitMode  stm32f1xx_hal_rtc.o
    0x0800224a   0x0800224a   0x0000000e   Code   RO          625    i.RTC_ReadAlarmCounter  stm32f1xx_hal_rtc.o
    0x08002258   0x08002258   0x00000020   Code   RO          626    i.RTC_ReadTimeCounter  stm32f1xx_hal_rtc.o
    0x08002278   0x08002278   0x00000056   Code   RO          627    i.RTC_WeekDayNum    stm32f1xx_hal_rtc.o
    0x080022ce   0x080022ce   0x00000028   Code   RO          628    i.RTC_WriteAlarmCounter  stm32f1xx_hal_rtc.o
    0x080022f6   0x080022f6   0x00000028   Code   RO          629    i.RTC_WriteTimeCounter  stm32f1xx_hal_rtc.o
    0x0800231e   0x0800231e   0x00000022   Code   RO         1891    i.SPI_DMAError      stm32f1xx_hal_spi.o
    0x08002340   0x08002340   0x0000000a   Code   RO         1893    i.SPI_DMAHalfTransmitCplt  stm32f1xx_hal_spi.o
    0x0800234a   0x0800234a   0x00000064   Code   RO         1897    i.SPI_DMATransmitCplt  stm32f1xx_hal_spi.o
    0x080023ae   0x080023ae   0x00000020   Code   RO         1901    i.SPI_EndRxTxTransaction  stm32f1xx_hal_spi.o
    0x080023ce   0x080023ce   0x00000002   PAD
    0x080023d0   0x080023d0   0x000000b8   Code   RO         1906    i.SPI_WaitFlagStateUntilTimeout  stm32f1xx_hal_spi.o
    0x08002488   0x08002488   0x00000002   Code   RO          462    i.SVC_Handler       stm32f1xx_it.o
    0x0800248a   0x0800248a   0x00000002   PAD
    0x0800248c   0x0800248c   0x0000000c   Code   RO         3626    i.SetCursor         bsp_ws2812.o
    0x08002498   0x08002498   0x00000004   Code   RO          463    i.SysTick_Handler   stm32f1xx_it.o
    0x0800249c   0x0800249c   0x00000080   Code   RO           14    i.SystemClock_Config  main.o
    0x0800251c   0x0800251c   0x00000002   Code   RO         3148    i.SystemInit        system_stm32f1xx.o
    0x0800251e   0x0800251e   0x00000002   PAD
    0x08002520   0x08002520   0x0000000c   Code   RO          464    i.TIM3_IRQHandler   stm32f1xx_it.o
    0x0800252c   0x0800252c   0x0000006c   Code   RO         2269    i.TIM_Base_SetConfig  stm32f1xx_hal_tim.o
    0x08002598   0x08002598   0x00000014   Code   RO         2280    i.TIM_ETR_SetConfig  stm32f1xx_hal_tim.o
    0x080025ac   0x080025ac   0x00000010   Code   RO         2281    i.TIM_ITRx_SetConfig  stm32f1xx_hal_tim.o
    0x080025bc   0x080025bc   0x00000022   Code   RO         2287    i.TIM_TI1_ConfigInputStage  stm32f1xx_hal_tim.o
    0x080025de   0x080025de   0x00000024   Code   RO         2289    i.TIM_TI2_ConfigInputStage  stm32f1xx_hal_tim.o
    0x08002602   0x08002602   0x00000002   PAD
    0x08002604   0x08002604   0x00000034   Code   RO         3370    i.Task_Star         task_create.o
    0x08002638   0x08002638   0x00000174   Code   RO         3821    i.Temputer_show     temputer.o
    0x080027ac   0x080027ac   0x00000160   Code   RO         3822    i.Temputer_show_shi  temputer.o
    0x0800290c   0x0800290c   0x00000002   Code   RO          465    i.UsageFault_Handler  stm32f1xx_it.o
    0x0800290e   0x0800290e   0x000000ac   Code   RO         3627    i.WS2812_Change_free  bsp_ws2812.o
    0x080029ba   0x080029ba   0x0000129a   Code   RO         3467    i.Write_OneChar     bsp_base.o
    0x08003c54   0x08003c54   0x00000498   Code   RO         3468    i.Write_OneDigitalTube  bsp_base.o
    0x080040ec   0x080040ec   0x0000010c   Code   RO         3469    i.Write_OneDigitalTube_fu  bsp_base.o
    0x080041f8   0x080041f8   0x0000001e   Code   RO         3628    i.Ws2812_Set        bsp_ws2812.o
    0x08004216   0x08004216   0x00000020   Code   RO         1365    i.__NVIC_SetPriority  stm32f1xx_hal_cortex.o
    0x08004236   0x08004236   0x0000000e   Code   RO         3880    i._is_digit         c_w.l(__printf_wp.o)
    0x08004244   0x08004244   0x0000000a   Code   RO         3553    i.clear_all         bsp_pixeloperation.o
    0x0800424e   0x0800424e   0x00000002   PAD
    0x08004250   0x08004250   0x00000030   Code   RO         3185    i.dht11_DelayUs     dht11_driver.o
    0x08004280   0x08004280   0x00000024   Code   RO         3186    i.dht11_GpioInit    dht11_driver.o
    0x080042a4   0x080042a4   0x00000014   Code   RO         3187    i.dht11_GpioOut     dht11_driver.o
    0x080042b8   0x080042b8   0x00000144   Code   RO         3188    i.dht11_ReadDate    dht11_driver.o
    0x080043fc   0x080043fc   0x00000010   Code   RO         3189    i.dht11_ReadGpioState  dht11_driver.o
    0x0800440c   0x0800440c   0x000000c4   Code   RO         3276    i.display_show      display_task.o
    0x080044d0   0x080044d0   0x00000038   Code   RO           15    i.main              main.o
    0x08004508   0x08004508   0x00000058   Code   RO         3556    i.write_picture     bsp_pixeloperation.o
    0x08004560   0x08004560   0x00000060   Code   RO         3558    i.write_picture_main  bsp_pixeloperation.o
    0x080045c0   0x080045c0   0x00000062   Code   RO         3559    i.write_rectangle_full  bsp_pixeloperation.o
    0x08004622   0x08004622   0x00000002   PAD
    0x08004624   0x08004624   0x000000c4   Code   RO         3900    x$fpl$fadd          fz_ws.l(faddsub_clz.o)
    0x080046e8   0x080046e8   0x00000184   Code   RO         3907    x$fpl$fdiv          fz_ws.l(fdiv.o)
    0x0800486c   0x0800486c   0x00000036   Code   RO         3910    x$fpl$ffix          fz_ws.l(ffix.o)
    0x080048a2   0x080048a2   0x00000002   PAD
    0x080048a4   0x080048a4   0x0000003e   Code   RO         3914    x$fpl$ffixu         fz_ws.l(ffixu.o)
    0x080048e2   0x080048e2   0x00000002   PAD
    0x080048e4   0x080048e4   0x00000026   Code   RO         3918    x$fpl$ffltu         fz_ws.l(fflt_clz.o)
    0x0800490a   0x0800490a   0x00000002   PAD
    0x0800490c   0x0800490c   0x00000102   Code   RO         3924    x$fpl$fmul          fz_ws.l(fmul.o)
    0x08004a0e   0x08004a0e   0x0000008c   Code   RO         3934    x$fpl$fnaninf       fz_ws.l(fnaninf.o)
    0x08004a9a   0x08004a9a   0x0000000a   Code   RO         3936    x$fpl$fretinf       fz_ws.l(fretinf.o)
    0x08004aa4   0x08004aa4   0x000000ea   Code   RO         3902    x$fpl$fsub          fz_ws.l(faddsub_clz.o)
    0x08004b8e   0x08004b8e   0x00000000   Code   RO         3938    x$fpl$usenofp       fz_ws.l(usenofp.o)
    0x08004b8e   0x08004b8e   0x00000012   Data   RO         1063    .constdata          stm32f1xx_hal_rcc.o
    0x08004ba0   0x08004ba0   0x00000012   Data   RO         1155    .constdata          stm32f1xx_hal_rcc_ex.o
    0x08004bb2   0x08004bb2   0x00000010   Data   RO         3149    .constdata          system_stm32f1xx.o
    0x08004bc2   0x08004bc2   0x00000008   Data   RO         3150    .constdata          system_stm32f1xx.o
    0x08004bca   0x08004bca   0x000000c0   Data   RO         3684    .constdata          clock.o
    0x08004c8a   0x08004c8a   0x00000240   Data   RO         3805    .constdata          small_wight.o
    0x08004eca   0x08004eca   0x0000010e   Data   RO         3806    .constdata          small_wight.o
    0x08004fd8   0x08004fd8   0x00000c60   Data   RO         3807    .constdata          small_wight.o
    0x08005c38   0x08005c38   0x000000c4   Data   RO         3809    .constdata          small_wight.o
    0x08005cfc   0x08005cfc   0x00000020   Data   RO         4093    Region$$Table       anon$$obj.o


    Execution Region RW_IRAM1 (Exec base: 0x20000000, Load base: 0x08005d1c, Size: 0x00002308, Max: 0x00005000, ABSOLUTE)

    Exec Addr    Load Addr    Size         Type   Attr      Idx    E Section Name        Object

    0x20000000   0x08005d1c   0x0000000c   Data   RW          900    .data               stm32f1xx_hal.o
    0x2000000c   0x08005d28   0x00000004   Data   RW         3151    .data               system_stm32f1xx.o
    0x20000010   0x08005d2c   0x00000004   Data   RW         3278    .data               display_task.o
    0x20000014   0x08005d30   0x0000000a   Data   RW         3336    .data               modeset_task.o
    0x2000001e   0x08005d3a   0x00000004   Data   RW         3371    .data               task_create.o
    0x20000022   0x08005d3e   0x00000010   Data   RW         3685    .data               clock.o
    0x20000032   0x08005d4e   0x00000009   Data   RW         3733    .data               light.o
    0x2000003b   0x08005d57   0x00000001   PAD
    0x2000003c   0x08005d58   0x00000008   Data   RW         3824    .data               temputer.o
    0x20000044        -       0x00000014   Zero   RW          326    .bss                rtc.o
    0x20000058        -       0x0000009c   Zero   RW          368    .bss                spi.o
    0x200000f4        -       0x00000090   Zero   RW          411    .bss                tim.o
    0x20000184        -       0x00001b0a   Zero   RW         3629    .bss                bsp_ws2812.o
    0x20001c8e   0x08005d60   0x00000002   PAD
    0x20001c90        -       0x00000018   Zero   RW         3823    .bss                temputer.o
    0x20001ca8        -       0x00000060   Zero   RW         3967    .bss                c_w.l(libspace.o)
    0x20001d08        -       0x00000200   Zero   RW            2    HEAP                startup_stm32f103xb.o
    0x20001f08        -       0x00000400   Zero   RW            1    STACK               startup_stm32f103xb.o


==============================================================================

Image component sizes


      Code (inc. data)   RO Data    RW Data    ZI Data      Debug   Object Name

         0          0          0          0          0        812   bsp_animation.o
      6206         82          0          0          0       4079   bsp_base.o
       292          0          0          0          0       3728   bsp_pixeloperation.o
       270         16          0          0       6922       3563   bsp_ws2812.o
       688         36        192         16          0       2372   clock.o
         0          0          0          0          0        812   color_task.o
       444         26          0          0          0       3805   dht11_driver.o
       196         28          0          4          0       1107   display_task.o
        44          4          0          0          0        706   dma.o
       144          8          0          0          0     424891   gpio.o
       152         16          0          9          0       1925   light.o
       188          6          0          0          0     382232   main.o
       252         10          0         10          0       2468   modeset_task.o
       100         22          0          0         20       1455   rtc.o
         0          0       4210          0          0       1232   small_wight.o
       220         32          0          0        156       1630   spi.o
        64         26        236          0       1536        784   startup_stm32f103xb.o
       164         28          0         12          0       5697   stm32f1xx_hal.o
       198         14          0          0          0      28775   stm32f1xx_hal_cortex.o
       586         32          0          0          0       3467   stm32f1xx_hal_dma.o
       500         34          0          0          0       3407   stm32f1xx_hal_gpio.o
        60          8          0          0          0        822   stm32f1xx_hal_msp.o
        12          4          0          0          0        487   stm32f1xx_hal_pwr.o
      1208         72         18          0          0       4421   stm32f1xx_hal_rcc.o
       400         28         18          0          0       2393   stm32f1xx_hal_rcc_ex.o
      1014          4          0          0          0       9936   stm32f1xx_hal_rtc.o
       748         16          0          0          0       6848   stm32f1xx_hal_spi.o
      1096         40          0          0          0      10558   stm32f1xx_hal_tim.o
       108         12          0          0          0       2297   stm32f1xx_hal_tim_ex.o
        44         12          0          0          0       4467   stm32f1xx_it.o
         2          0         24          4          0       1035   system_stm32f1xx.o
        96         16          0          4          0       1767   task_create.o
       724         52          0          8         24       1872   temputer.o
       284         22          0          0        144       2211   tim.o

    ----------------------------------------------------------------------
     16528        706       4730         68       8804     928061   Object Totals
         0          0         32          0          0          0   (incl. Generated)
        24          0          0          1          2          0   (incl. Padding)

    ----------------------------------------------------------------------

      Code (inc. data)   RO Data    RW Data    ZI Data      Debug   Library Member Name

         8          0          0          0          0         68   __main.o
       284          0          0          0          0        156   __printf_wp.o
         0          0          0          0          0          0   __rtentry.o
        12          0          0          0          0          0   __rtentry2.o
         6          0          0          0          0          0   __rtentry4.o
        52          8          0          0          0          0   __scatter.o
        26          0          0          0          0          0   __scatter_copy.o
        28          0          0          0          0          0   __scatter_zi.o
        48          6          0          0          0         96   _printf_char_common.o
         6          0          0          0          0          0   _printf_d.o
       120         16          0          0          0         92   _printf_dec.o
       178          0          0          0          0         88   _printf_intcommon.o
        78          0          0          0          0        108   _printf_pad.o
         0          0          0          0          0          0   _printf_percent.o
         4          0          0          0          0          0   _printf_percent_end.o
        10          0          0          0          0         68   _sputc.o
        18          0          0          0          0         80   exit.o
         6          0          0          0          0        152   heapauxi.o
         0          0          0          0          0          0   indicate_semi.o
         2          0          0          0          0          0   libinit.o
         2          0          0          0          0          0   libinit2.o
         2          0          0          0          0          0   libshutdown.o
         2          0          0          0          0          0   libshutdown2.o
         8          4          0          0         96         68   libspace.o
        40          6          0          0          0         84   noretval__2sprintf.o
        68          0          0          0          0         68   rt_memclr.o
        78          0          0          0          0         80   rt_memclr_w.o
         2          0          0          0          0          0   rtexit.o
        10          0          0          0          0          0   rtexit2.o
        12          4          0          0          0         68   sys_exit.o
        74          0          0          0          0         80   sys_stackheap_outer.o
         2          0          0          0          0         68   use_no_semi.o
       430          8          0          0          0        168   faddsub_clz.o
       388         76          0          0          0         96   fdiv.o
        54          4          0          0          0         84   ffix.o
        62          4          0          0          0         84   ffixu.o
        38          0          0          0          0         68   fflt_clz.o
       258          4          0          0          0         84   fmul.o
       140          4          0          0          0         84   fnaninf.o
        10          0          0          0          0         68   fretinf.o
         0          0          0          0          0          0   usenofp.o

    ----------------------------------------------------------------------
      2578        144          0          0         96       2160   Library Totals
        12          0          0          0          0          0   (incl. Padding)

    ----------------------------------------------------------------------

      Code (inc. data)   RO Data    RW Data    ZI Data      Debug   Library Name

      1186         44          0          0         96       1424   c_w.l
      1380        100          0          0          0        736   fz_ws.l

    ----------------------------------------------------------------------
      2578        144          0          0         96       2160   Library Totals

    ----------------------------------------------------------------------

==============================================================================


      Code (inc. data)   RO Data    RW Data    ZI Data      Debug   

     19106        850       4730         68       8900     923197   Grand Totals
     19106        850       4730         68       8900     923197   ELF Image Totals
     19106        850       4730         68          0          0   ROM Totals

==============================================================================

    Total RO  Size (Code + RO Data)                23836 (  23.28kB)
    Total RW  Size (RW Data + ZI Data)              8968 (   8.76kB)
    Total ROM Size (Code + RO Data + RW Data)      23904 (  23.34kB)

==============================================================================

